Component: ARM Compiler 5.06 update 7 (build 960) Tool: armlink [4d3601]

==============================================================================

Section Cross References

    startup_stm32g031xx.o(STACK) refers (Special) to heapauxi.o(.text) for __use_two_region_memory
    startup_stm32g031xx.o(HEAP) refers (Special) to heapauxi.o(.text) for __use_two_region_memory
    startup_stm32g031xx.o(RESET) refers (Special) to heapauxi.o(.text) for __use_two_region_memory
    startup_stm32g031xx.o(RESET) refers to startup_stm32g031xx.o(STACK) for __initial_sp
    startup_stm32g031xx.o(RESET) refers to startup_stm32g031xx.o(.text) for Reset_Handler
    startup_stm32g031xx.o(RESET) refers to stm32g0xx_it.o(i.NMI_Handler) for NMI_Handler
    startup_stm32g031xx.o(RESET) refers to stm32g0xx_it.o(i.HardFault_Handler) for HardFault_Handler
    startup_stm32g031xx.o(RESET) refers to stm32g0xx_it.o(i.SVC_Handler) for SVC_Handler
    startup_stm32g031xx.o(RESET) refers to stm32g0xx_it.o(i.PendSV_Handler) for PendSV_Handler
    startup_stm32g031xx.o(RESET) refers to stm32g0xx_it.o(i.SysTick_Handler) for SysTick_Handler
    startup_stm32g031xx.o(RESET) refers to stm32g0xx_it.o(i.DMA1_Channel1_IRQHandler) for DMA1_Channel1_IRQHandler
    startup_stm32g031xx.o(RESET) refers to stm32g0xx_it.o(i.DMA1_Channel2_3_IRQHandler) for DMA1_Channel2_3_IRQHandler
    startup_stm32g031xx.o(RESET) refers to stm32g0xx_it.o(i.DMA1_Ch4_5_DMAMUX1_OVR_IRQHandler) for DMA1_Ch4_5_DMAMUX1_OVR_IRQHandler
    startup_stm32g031xx.o(RESET) refers to stm32g0xx_it.o(i.USART2_IRQHandler) for USART2_IRQHandler
    startup_stm32g031xx.o(.text) refers (Special) to heapauxi.o(.text) for __use_two_region_memory
    startup_stm32g031xx.o(.text) refers to system_stm32g0xx.o(i.SystemInit) for SystemInit
    startup_stm32g031xx.o(.text) refers to __main.o(!!!main) for __main
    startup_stm32g031xx.o(.text) refers to startup_stm32g031xx.o(HEAP) for Heap_Mem
    startup_stm32g031xx.o(.text) refers to startup_stm32g031xx.o(STACK) for Stack_Mem
    gpio.o(i.MX_GPIO_Init) refers to rt_memclr.o(.text) for __aeabi_memclr4
    gpio.o(i.MX_GPIO_Init) refers to stm32g0xx_hal_gpio.o(i.HAL_GPIO_WritePin) for HAL_GPIO_WritePin
    gpio.o(i.MX_GPIO_Init) refers to stm32g0xx_hal_gpio.o(i.HAL_GPIO_Init) for HAL_GPIO_Init
    adc.o(i.HAL_ADC_MspDeInit) refers to stm32g0xx_hal_gpio.o(i.HAL_GPIO_DeInit) for HAL_GPIO_DeInit
    adc.o(i.HAL_ADC_MspInit) refers to rt_memclr.o(.text) for __aeabi_memclr4
    adc.o(i.HAL_ADC_MspInit) refers to stm32g0xx_hal_gpio.o(i.HAL_GPIO_Init) for HAL_GPIO_Init
    adc.o(i.MX_ADC1_Init) refers to stm32g0xx_hal_adc.o(i.HAL_ADC_Init) for HAL_ADC_Init
    adc.o(i.MX_ADC1_Init) refers to main.o(i.Error_Handler) for Error_Handler
    adc.o(i.MX_ADC1_Init) refers to stm32g0xx_hal_adc.o(i.HAL_ADC_ConfigChannel) for HAL_ADC_ConfigChannel
    adc.o(i.MX_ADC1_Init) refers to adc.o(.bss) for .bss
    dma.o(i.MX_DMA_Init) refers to stm32g0xx_hal_cortex.o(i.HAL_NVIC_SetPriority) for HAL_NVIC_SetPriority
    dma.o(i.MX_DMA_Init) refers to stm32g0xx_hal_cortex.o(i.HAL_NVIC_EnableIRQ) for HAL_NVIC_EnableIRQ
    i2c.o(i.HAL_I2C_MspDeInit) refers to stm32g0xx_hal_gpio.o(i.HAL_GPIO_DeInit) for HAL_GPIO_DeInit
    i2c.o(i.HAL_I2C_MspDeInit) refers to stm32g0xx_hal_dma.o(i.HAL_DMA_DeInit) for HAL_DMA_DeInit
    i2c.o(i.HAL_I2C_MspInit) refers to rt_memclr.o(.text) for __aeabi_memclr4
    i2c.o(i.HAL_I2C_MspInit) refers to stm32g0xx_hal_gpio.o(i.HAL_GPIO_Init) for HAL_GPIO_Init
    i2c.o(i.HAL_I2C_MspInit) refers to stm32g0xx_hal_dma.o(i.HAL_DMA_Init) for HAL_DMA_Init
    i2c.o(i.HAL_I2C_MspInit) refers to main.o(i.Error_Handler) for Error_Handler
    i2c.o(i.HAL_I2C_MspInit) refers to i2c.o(.bss) for .bss
    i2c.o(i.MX_I2C1_Init) refers to stm32g0xx_hal_i2c.o(i.HAL_I2C_Init) for HAL_I2C_Init
    i2c.o(i.MX_I2C1_Init) refers to main.o(i.Error_Handler) for Error_Handler
    i2c.o(i.MX_I2C1_Init) refers to stm32g0xx_hal_i2c_ex.o(i.HAL_I2CEx_ConfigAnalogFilter) for HAL_I2CEx_ConfigAnalogFilter
    i2c.o(i.MX_I2C1_Init) refers to stm32g0xx_hal_i2c_ex.o(i.HAL_I2CEx_ConfigDigitalFilter) for HAL_I2CEx_ConfigDigitalFilter
    i2c.o(i.MX_I2C1_Init) refers to i2c.o(.bss) for .bss
    i2c.o(i.MX_I2C2_Init) refers to stm32g0xx_hal_i2c.o(i.HAL_I2C_Init) for HAL_I2C_Init
    i2c.o(i.MX_I2C2_Init) refers to main.o(i.Error_Handler) for Error_Handler
    i2c.o(i.MX_I2C2_Init) refers to stm32g0xx_hal_i2c_ex.o(i.HAL_I2CEx_ConfigAnalogFilter) for HAL_I2CEx_ConfigAnalogFilter
    i2c.o(i.MX_I2C2_Init) refers to stm32g0xx_hal_i2c_ex.o(i.HAL_I2CEx_ConfigDigitalFilter) for HAL_I2CEx_ConfigDigitalFilter
    i2c.o(i.MX_I2C2_Init) refers to i2c.o(.bss) for .bss
    tim.o(i.HAL_TIM_MspPostInit) refers to rt_memclr.o(.text) for __aeabi_memclr4
    tim.o(i.HAL_TIM_MspPostInit) refers to stm32g0xx_hal_gpio.o(i.HAL_GPIO_Init) for HAL_GPIO_Init
[...]
    TIM_TI1_ConfigInputStage                 0x08004e39   Thumb Code    34  stm32g0xx_hal_tim.o(i.TIM_TI1_ConfigInputStage)
    i.TIM_TI2_ConfigInputStage               0x08004e5a   Section        0  stm32g0xx_hal_tim.o(i.TIM_TI2_ConfigInputStage)
    TIM_TI2_ConfigInputStage                 0x08004e5b   Thumb Code    38  stm32g0xx_hal_tim.o(i.TIM_TI2_ConfigInputStage)
    i.UARTEx_SetNbDataToProcess              0x08004e80   Section        0  stm32g0xx_hal_uart_ex.o(i.UARTEx_SetNbDataToProcess)
    UARTEx_SetNbDataToProcess                0x08004e81   Thumb Code    62  stm32g0xx_hal_uart_ex.o(i.UARTEx_SetNbDataToProcess)
    i.UART_AdvFeatureConfig                  0x08004ec4   Section        0  stm32g0xx_hal_uart.o(i.UART_AdvFeatureConfig)
    i.UART_CheckIdleState                    0x08004f90   Section        0  stm32g0xx_hal_uart.o(i.UART_CheckIdleState)
    i.UART_DMAAbortOnError                   0x08004ff4   Section        0  stm32g0xx_hal_uart.o(i.UART_DMAAbortOnError)
    UART_DMAAbortOnError                     0x08004ff5   Thumb Code    20  stm32g0xx_hal_uart.o(i.UART_DMAAbortOnError)
    i.UART_EndRxTransfer                     0x08005008   Section        0  stm32g0xx_hal_uart.o(i.UART_EndRxTransfer)
    UART_EndRxTransfer                       0x08005009   Thumb Code    96  stm32g0xx_hal_uart.o(i.UART_EndRxTransfer)
    i.UART_SetConfig                         0x0800506c   Section        0  stm32g0xx_hal_uart.o(i.UART_SetConfig)
    i.UART_WaitOnFlagUntilTimeout            0x08005278   Section        0  stm32g0xx_hal_uart.o(i.UART_WaitOnFlagUntilTimeout)
    i.USART2_IRQHandler                      0x0800534c   Section        0  stm32g0xx_it.o(i.USART2_IRQHandler)
    i.UpdateAction                           0x0800535c   Section        0  followline.o(i.UpdateAction)
    i.UpdateButton                           0x080053a0   Section        0  followline.o(i.UpdateButton)
    i.UpdateCentControl                      0x080053c4   Section        0  followline.o(i.UpdateCentControl)
    i.UpdatePID                              0x080053d8   Section        0  pid.o(i.UpdatePID)
    i.UpdateStatus                           0x080054e0   Section        0  followline.o(i.UpdateStatus)
    i.Update_Motor                           0x08005540   Section        0  bsp_stm32g031f8px.o(i.Update_Motor)
    i.WZ_Est_Calcu                           0x08005560   Section        0  speed_estimator.o(i.WZ_Est_Calcu)
    i.WZ_Fix_Calcu                           0x08005594   Section        0  speed_estimator.o(i.WZ_Fix_Calcu)
    i.WZ_Fus_Reset                           0x08005678   Section        0  speed_estimator.o(i.WZ_Fus_Reset)
    i.WZ_Obs_Calcu                           0x0800568c   Section        0  speed_estimator.o(i.WZ_Obs_Calcu)
    i.__ARM_fpclassify                       0x080056fc   Section        0  fpclassify.o(i.__ARM_fpclassify)
    i.__ARM_fpclassifyf                      0x08005728   Section        0  fpclassifyf.o(i.__ARM_fpclassifyf)
    i.__NVIC_SetPriority                     0x0800574c   Section        0  stm32g0xx_hal_cortex.o(i.__NVIC_SetPriority)
    __NVIC_SetPriority                       0x0800574d   Thumb Code    60  stm32g0xx_hal_cortex.o(i.__NVIC_SetPriority)
    i.__kernel_poly                          0x08005790   Section        0  poly.o(i.__kernel_poly)
    i.__mathlib_dbl_infnan                   0x0800583c   Section        0  dunder.o(i.__mathlib_dbl_infnan)
    i.__mathlib_dbl_invalid                  0x08005846   Section        0  dunder.o(i.__mathlib_dbl_invalid)
    i.__mathlib_dbl_underflow                0x08005858   Section        0  dunder.o(i.__mathlib_dbl_underflow)
    i.__mathlib_flt_infnan2                  0x0800586c   Section        0  funder.o(i.__mathlib_flt_infnan2)
    i.__mathlib_flt_underflow                0x08005874   Section        0  funder.o(i.__mathlib_flt_underflow)
    i.asin                                   0x08005884   Section        0  asin.o(i.asin)
    i.atan2f                                 0x08005af8   Section        0  atan2f.o(i.atan2f)
    i.main                                   0x08005d94   Section        0  mymain.o(i.main)
    i.reset_i                                0x08005d9e   Section        0  pid.o(i.reset_i)
    i.sdk_land                               0x08005da4   Section        0  sdk.o(i.sdk_land)
    i.sdk_takeoff                            0x08005db0   Section        0  sdk.o(i.sdk_takeoff)
    i.sdk_update                             0x08005dc4   Section        0  sdk.o(i.sdk_update)
    i.sdk_velocity_reset                     0x08005ec0   Section        0  sdk.o(i.sdk_velocity_reset)
    i.sqrt                                   0x08005ed0   Section        0  sqrt.o(i.sqrt)
    x$fpl$fadd                               0x08005f18   Section      140  faddsub.o(x$fpl$fadd)
    _fadd1                                   0x08005f25   Thumb Code     0  faddsub.o(x$fpl$fadd)
    x$fpl$fleqf                              0x08005fa4   Section       84  flef.o(x$fpl$fleqf)
    x$fpl$fmul                               0x08005ff8   Section      176  fmul.o(x$fpl$fmul)
    x$fpl$frleqf                             0x080060a8   Section       88  frlef.o(x$fpl$frleqf)
    x$fpl$frsb                               0x08006100   Section       24  faddsub.o(x$fpl$frsb)
    x$fpl$fsub                               0x08006118   Section      208  faddsub.o(x$fpl$fsub)
    _fsub1                                   0x08006125   Thumb Code     0  faddsub.o(x$fpl$fsub)
    .constdata                               0x080061e8   Section       24  stm32g0xx_hal_uart.o(.constdata)
    x$fpl$usenofp                            0x080061e8   Section        0  usenofp.o(x$fpl$usenofp)
    .constdata                               0x08006200   Section       16  stm32g0xx_hal_uart_ex.o(.constdata)
    numerator                                0x08006200   Data           8  stm32g0xx_hal_uart_ex.o(.constdata)
    denominator                              0x08006208   Data           8  stm32g0xx_hal_uart_ex.o(.constdata)
    .constdata                               0x08006210   Section       64  system_stm32g0xx.o(.constdata)
    .constdata                               0x08006250   Section       32  system_stm32g0xx.o(.constdata)
    .constdata                               0x08006270   Section      128  ddiv.o(.constdata)
    ddiv_reciptbl                            0x08006270   Data         128  ddiv.o(.constdata)
    .constdata                               0x080062f0   Section       64  fdiv.o(.constdata)
    fdiv_tab                                 0x080062f0   Data          64  fdiv.o(.constdata)
    .constdata                               0x08006330   Section       80  asin.o(.constdata)
    pS                                       0x08006330   Data          48  asin.o(.constdata)
    qS                                       0x08006360   Data          32  asin.o(.constdata)
    .data                                    0x20000000   Section       12  stm32g0xx_hal.o(.data)
    .data                                    0x2000000c   Section        4  system_stm32g0xx.o(.data)
    .data                                    0x20000010   Section        8  mpu6050.o(.data)
    cnt                                      0x20000014   Data           4  mpu6050.o(.data)
    .data                                    0x20000018   Section       16  control.o(.data)
    status                                   0x20000018   Data           1  control.o(.data)
    status                                   0x20000019   Data           1  control.o(.data)
    .data                                    0x20000028   Section       12  followline.o(.data)
    Enter                                    0x20000028   Data           1  followline.o(.data)
    input                                    0x20000029   Data           1  followline.o(.data)
    CloseGate                                0x2000002a   Data           1  followline.o(.data)
    CountDown                                0x2000002c   Data           2  followline.o(.data)
    Cnt                                      0x20000030   Data           4  followline.o(.data)
    .data                                    0x20000034   Section       60  height_control.o(.data)
    exp_vel_d                                0x2000003c   Data           4  height_control.o(.data)
    exp_acc                                  0x20000040   Data           4  height_control.o(.data)
    fb_acc                                   0x20000044   Data           4  height_control.o(.data)
    exp_vel                                  0x20000048   Data           4  height_control.o(.data)
    fb_vel                                   0x2000004c   Data           4  height_control.o(.data)
    exp_hei                                  0x20000050   Data           4  height_control.o(.data)
    fb_hei                                   0x20000054   Data           4  height_control.o(.data)
    hei_err                                  0x20000058   Data           4  height_control.o(.data)
    vel_err                                  0x2000005c   Data           4  height_control.o(.data)
    acc_err                                  0x20000060   Data           4  height_control.o(.data)
    acc_err_i                                0x20000064   Data           4  height_control.o(.data)
    acc_out                                  0x20000068   Data           4  height_control.o(.data)
    wz_out                                   0x2000006c   Data           4  height_control.o(.data)
    .data                                    0x20000070   Section        4  kernel.o(.data)
    Cnt                                      0x20000070   Data           4  kernel.o(.data)
    .data                                    0x20000074   Section       72  pos_ctrl.o(.data)
    .data                                    0x200000bc   Section       12  sdk.o(.data)
    cnt                                      0x200000bc   Data           4  sdk.o(.data)
    cnt                                      0x200000c0   Data           4  sdk.o(.data)
    last_angle                               0x200000c4   Data           4  sdk.o(.data)
    .data                                    0x200000c8   Section       52  speed_estimator.o(.data)
    height_init_f                            0x200000c8   Data           1  speed_estimator.o(.data)
    height_old                               0x200000f8   Data           4  speed_estimator.o(.data)
    .data                                    0x200000fc   Section        5  config.o(.data)
    .data                                    0x20000104   Section       44  imu.o(.data)
    KpDef                                    0x20000104   Data           4  imu.o(.data)
    vecxZ                                    0x2000010c   Data           4  imu.o(.data)
    vecyZ                                    0x20000110   Data           4  imu.o(.data)
    veczZ                                    0x20000114   Data           4  imu.o(.data)
    wz_acc_tmp                               0x20000118   Data           8  imu.o(.data)
    NumQ                                     0x20000120   Data          16  imu.o(.data)
    .bss                                     0x20000130   Section      100  adc.o(.bss)
    .bss                                     0x20000194   Section      336  i2c.o(.bss)
    .bss                                     0x200002e4   Section      228  tim.o(.bss)
    .bss                                     0x200003c8   Section      564  usart.o(.bss)
    .bss                                     0x200005fc   Section       48  mpu6050.o(.bss)
    mpu_filter                               0x200005fc   Data          48  mpu6050.o(.bss)
    .bss                                     0x2000062c   Section       12  control.o(.bss)
    .bss                                     0x20000638   Section       44  followline.o(.bss)
    .bss                                     0x20000664   Section       16  height_control.o(.bss)
    exp_vel_transition                       0x20000664   Data          16  height_control.o(.bss)
    .bss                                     0x20000674   Section      142  remote.o(.bss)
    .bss                                     0x20000704   Section      336  sdk.o(.bss)
    .bss                                     0x20000854   Section       12  speed_estimator.o(.bss)
    .bss                                     0x20000860   Section       12  config.o(.bss)
    .bss                                     0x2000086c   Section       76  config.o(.bss)
    .bss                                     0x200008b8   Section       26  config.o(.bss)
    .bss                                     0x200008d4   Section       20  config.o(.bss)
    .bss                                     0x200008e8   Section      544  pid.o(.bss)
    .bss                                     0x20000b08   Section       96  libspace.o(.bss)
    HEAP                                     0x20000b68   Section      512  startup_stm32g031xx.o(HEAP)
    Heap_Mem                                 0x20000b68   Data         512  startup_stm32g031xx.o(HEAP)
    STACK                                    0x20000d68   Section     1024  startup_stm32g031xx.o(STACK)
    Stack_Mem                                0x20000d68   Data        1024  startup_stm32g031xx.o(STACK)
    __initial_sp                             0x20001168   Data           0  startup_stm32g031xx.o(STACK)

    Global Symbols

    Symbol Name                              Value     Ov Type        Size  Object(Section)

    BuildAttributes$$THM_ISAv3M$S$PE$A:L22$X:L11$S22$IEEE1$IW$USESV6$~STKCKD$USESV7$~SHL$OTIME$ROPI$IEEEX$EBA8$UX$STANDARDLIB$REQ8$PRES8$EABIv2 0x00000000   Number         0  anon$$obj.o ABSOLUTE
    __ARM_use_no_argv                        0x00000000   Number         0  mymain.o ABSOLUTE
    __ARM_exceptions_init                     - Undefined Weak Reference
    __alloca_initialize                       - Undefined Weak Reference
    __arm_fini_                               - Undefined Weak Reference
    __arm_preinit_                            - Undefined Weak Reference
    __cpp_initialize__aeabi_                  - Undefined Weak Reference
    __cxa_finalize                            - Undefined Weak Reference
    __rt_locale                               - Undefined Weak Reference
    __sigvec_lookup                           - Undefined Weak Reference
    _atexit_init                              - Undefined Weak Reference
    _call_atexit_fns                          - Undefined Weak Reference
    _clock_init                               - Undefined Weak Reference
    _fp_trap_init                             - Undefined Weak Reference
    _fp_trap_shutdown                         - Undefined Weak Reference
    _get_lc_collate                           - Undefined Weak Reference
    _get_lc_ctype                             - Undefined Weak Reference
    _get_lc_monetary                          - Undefined Weak Reference
    _get_lc_numeric                           - Undefined Weak Reference
    _get_lc_time                              - Undefined Weak Reference
    _getenv_init                              - Undefined Weak Reference
    _handle_redirection                       - Undefined Weak Reference
    _init_alloc                               - Undefined Weak Reference
    _init_user_alloc                          - Undefined Weak Reference
    _initio                                   - Undefined Weak Reference
    _rand_init                                - Undefined Weak Reference
    _signal_finish                            - Undefined Weak Reference
    _signal_init                              - Undefined Weak Reference
    _terminate_alloc                          - Undefined Weak Reference
    _terminate_user_alloc                     - Undefined Weak Reference
    _terminateio                              - Undefined Weak Reference
    __Vectors_Size                           0x000000c0   Number         0  startup_stm32g031xx.o ABSOLUTE
    __Vectors                                0x08000000   Data           4  startup_stm32g031xx.o(RESET)
    __Vectors_End                            0x080000c0   Data           0  startup_stm32g031xx.o(RESET)
    __main                                   0x080000c1   Thumb Code     8  __main.o(!!!main)
    __scatterload                            0x080000c9   Thumb Code     0  __scatter.o(!!!scatter)
    __scatterload_rt2                        0x080000c9   Thumb Code    52  __scatter.o(!!!scatter)
    __scatterload_rt2_thumb_only             0x080000c9   Thumb Code     0  __scatter.o(!!!scatter)
    __scatterload_null                       0x080000d9   Thumb Code     0  __scatter.o(!!!scatter)
    __scatterload_zeroinit                   0x08000105   Thumb Code    28  __scatter_zi.o(!!handler_zi)
    __rt_lib_init                            0x08000121   Thumb Code     0  libinit.o(.ARM.Collect$$libinit$$00000000)
    __rt_lib_init_alloca_1                   0x08000123   Thumb Code     0  libinit2.o(.ARM.Collect$$libinit$$0000002E)
    __rt_lib_init_argv_1                     0x08000123   Thumb Code     0  libinit2.o(.ARM.Collect$$libinit$$0000002C)
    __rt_lib_init_atexit_1                   0x08000123   Thumb Code     0  libinit2.o(.ARM.Collect$$libinit$$0000001B)
    __rt_lib_init_clock_1                    0x08000123   Thumb Code     0  libinit2.o(.ARM.Collect$$libinit$$00000021)
    __rt_lib_init_cpp_1                      0x08000123   Thumb Code     0  libinit2.o(.ARM.Collect$$libinit$$00000032)
    __rt_lib_init_exceptions_1               0x08000123   Thumb Code     0  libinit2.o(.ARM.Collect$$libinit$$00000030)
    __rt_lib_init_fp_1                       0x08000123   Thumb Code     0  libinit2.o(.ARM.Collect$$libinit$$00000002)
    __rt_lib_init_fp_trap_1                  0x08000123   Thumb Code     0  libinit2.o(.ARM.Collect$$libinit$$0000001F)
    __rt_lib_init_getenv_1                   0x08000123   Thumb Code     0  libinit2.o(.ARM.Collect$$libinit$$00000023)
    __rt_lib_init_heap_1                     0x08000123   Thumb Code     0  libinit2.o(.ARM.Collect$$libinit$$0000000A)
    __rt_lib_init_lc_collate_1               0x08000123   Thumb Code     0  libinit2.o(.ARM.Collect$$libinit$$00000011)
    __rt_lib_init_lc_ctype_1                 0x08000123   Thumb Code     0  libinit2.o(.ARM.Collect$$libinit$$00000013)
    __rt_lib_init_lc_monetary_1              0x08000123   Thumb Code     0  libinit2.o(.ARM.Collect$$libinit$$00000015)
    __rt_lib_init_lc_numeric_1               0x08000123   Thumb Code     0  libinit2.o(.ARM.Collect$$libinit$$00000017)
    __rt_lib_init_lc_time_1                  0x08000123   Thumb Code     0  libinit2.o(.ARM.Collect$$libinit$$00000019)
    __rt_lib_init_preinit_1                  0x08000123   Thumb Code     0  libinit2.o(.ARM.Collect$$libinit$$00000004)
    __rt_lib_init_rand_1                     0x08000123   Thumb Code     0  libinit2.o(.ARM.Collect$$libinit$$0000000E)
    __rt_lib_init_return                     0x08000123   Thumb Code     0  libinit2.o(.ARM.Collect$$libinit$$00000033)
    __rt_lib_init_signal_1                   0x08000123   Thumb Code     0  libinit2.o(.ARM.Collect$$libinit$$0000001D)
    __rt_lib_init_stdio_1                    0x08000123   Thumb Code     0  libinit2.o(.ARM.Collect$$libinit$$00000025)
    __rt_lib_init_user_alloc_1               0x08000123   Thumb Code     0  libinit2.o(.ARM.Collect$$libinit$$0000000C)
    __rt_lib_shutdown                        0x08000125   Thumb Code     0  libshutdown.o(.ARM.Collect$$libshutdown$$00000000)
    __rt_lib_shutdown_cpp_1                  0x08000127   Thumb Code     0  libshutdown2.o(.ARM.Collect$$libshutdown$$00000004)
    __rt_lib_shutdown_fini_1                 0x08000127   Thumb Code     0  libshutdown2.o(.ARM.Collect$$libshutdown$$00000002)
    __rt_lib_shutdown_fp_trap_1              0x08000127   Thumb Code     0  libshutdown2.o(.ARM.Collect$$libshutdown$$00000009)
    __rt_lib_shutdown_heap_1                 0x08000127   Thumb Code     0  libshutdown2.o(.ARM.Collect$$libshutdown$$00000011)
    __rt_lib_shutdown_return                 0x08000127   Thumb Code     0  libshutdown2.o(.ARM.Collect$$libshutdown$$00000012)
    __rt_lib_shutdown_signal_1               0x08000127   Thumb Code     0  libshutdown2.o(.ARM.Collect$$libshutdown$$0000000C)
    __rt_lib_shutdown_stdio_1                0x08000127   Thumb Code     0  libshutdown2.o(.ARM.Collect$$libshutdown$$00000006)
    __rt_lib_shutdown_user_alloc_1           0x08000127   Thumb Code     0  libshutdown2.o(.ARM.Collect$$libshutdown$$0000000E)
    __rt_entry                               0x08000129   Thumb Code     0  __rtentry.o(.ARM.Collect$$rtentry$$00000000)
    __rt_entry_presh_1                       0x08000129   Thumb Code     0  __rtentry2.o(.ARM.Collect$$rtentry$$00000002)
    __rt_entry_sh                            0x08000129   Thumb Code     0  __rtentry4.o(.ARM.Collect$$rtentry$$00000004)
    __rt_entry_li                            0x0800012f   Thumb Code     0  __rtentry2.o(.ARM.Collect$$rtentry$$0000000A)
    __rt_entry_postsh_1                      0x0800012f   Thumb Code     0  __rtentry2.o(.ARM.Collect$$rtentry$$00000009)
    __rt_entry_main                          0x08000133   Thumb Code     0  __rtentry2.o(.ARM.Collect$$rtentry$$0000000D)
    __rt_entry_postli_1                      0x08000133   Thumb Code     0  __rtentry2.o(.ARM.Collect$$rtentry$$0000000C)
    __rt_exit                                0x0800013b   Thumb Code     0  rtexit.o(.ARM.Collect$$rtexit$$00000000)
    __rt_exit_ls                             0x0800013d   Thumb Code     0  rtexit2.o(.ARM.Collect$$rtexit$$00000003)
    __rt_exit_prels_1                        0x0800013d   Thumb Code     0  rtexit2.o(.ARM.Collect$$rtexit$$00000002)
    __rt_exit_exit                           0x08000141   Thumb Code     0  rtexit2.o(.ARM.Collect$$rtexit$$00000004)
    Reset_Handler                            0x08000149   Thumb Code     8  startup_stm32g031xx.o(.text)
    ADC1_IRQHandler                          0x0800015b   Thumb Code     0  startup_stm32g031xx.o(.text)
    EXTI0_1_IRQHandler                       0x0800015b   Thumb Code     0  startup_stm32g031xx.o(.text)
    EXTI2_3_IRQHandler                       0x0800015b   Thumb Code     0  startup_stm32g031xx.o(.text)
    EXTI4_15_IRQHandler                      0x0800015b   Thumb Code     0  startup_stm32g031xx.o(.text)
    FLASH_IRQHandler                         0x0800015b   Thumb Code     0  startup_stm32g031xx.o(.text)
    I2C1_IRQHandler                          0x0800015b   Thumb Code     0  startup_stm32g031xx.o(.text)
    I2C2_IRQHandler                          0x0800015b   Thumb Code     0  startup_stm32g031xx.o(.text)
    LPTIM1_IRQHandler                        0x0800015b   Thumb Code     0  startup_stm32g031xx.o(.text)
    LPTIM2_IRQHandler                        0x0800015b   Thumb Code     0  startup_stm32g031xx.o(.text)
    LPUART1_IRQHandler                       0x0800015b   Thumb Code     0  startup_stm32g031xx.o(.text)
    PVD_IRQHandler                           0x0800015b   Thumb Code     0  startup_stm32g031xx.o(.text)
    RCC_IRQHandler                           0x0800015b   Thumb Code     0  startup_stm32g031xx.o(.text)
    RTC_TAMP_IRQHandler                      0x0800015b   Thumb Code     0  startup_stm32g031xx.o(.text)
    SPI1_IRQHandler                          0x0800015b   Thumb Code     0  startup_stm32g031xx.o(.text)
    SPI2_IRQHandler                          0x0800015b   Thumb Code     0  startup_stm32g031xx.o(.text)
    TIM14_IRQHandler                         0x0800015b   Thumb Code     0  startup_stm32g031xx.o(.text)
    TIM16_IRQHandler                         0x0800015b   Thumb Code     0  startup_stm32g031xx.o(.text)
    TIM17_IRQHandler                         0x0800015b   Thumb Code     0  startup_stm32g031xx.o(.text)
    TIM1_BRK_UP_TRG_COM_IRQHandler           0x0800015b   Thumb Code     0  startup_stm32g031xx.o(.text)
    TIM1_CC_IRQHandler                       0x0800015b   Thumb Code     0  startup_stm32g031xx.o(.text)
    TIM2_IRQHandler                          0x0800015b   Thumb Code     0  startup_stm32g031xx.o(.text)
    TIM3_IRQHandler                          0x0800015b   Thumb Code     0  startup_stm32g031xx.o(.text)
    USART1_IRQHandler                        0x0800015b   Thumb Code     0  startup_stm32g031xx.o(.text)
    WWDG_IRQHandler                          0x0800015b   Thumb Code     0  startup_stm32g031xx.o(.text)
    __user_initial_stackheap                 0x0800015d   Thumb Code     0  startup_stm32g031xx.o(.text)
    __aeabi_uldivmod                         0x08000181   Thumb Code   258  lludiv.o(.text)
    _ll_udiv                                 0x08000181   Thumb Code     0  lludiv.o(.text)
    _memset_w                                0x08000283   Thumb Code    26  rt_memclr.o(.text)
    _memset                                  0x0800029d   Thumb Code    30  rt_memclr.o(.text)
    __aeabi_memclr                           0x080002bb   Thumb Code     4  rt_memclr.o(.text)
    __rt_memclr                              0x080002bb   Thumb Code     0  rt_memclr.o(.text)
    __aeabi_memclr4                          0x080002bf   Thumb Code     0  rt_memclr.o(.text)
    __aeabi_memclr8                          0x080002bf   Thumb Code     0  rt_memclr.o(.text)
    __rt_memclr_w                            0x080002bf   Thumb Code     4  rt_memclr.o(.text)
    __aeabi_uidiv                            0x080002c3   Thumb Code     0  aeabi_sdiv.o(.text)
    __aeabi_uidivmod                         0x080002c3   Thumb Code    20  aeabi_sdiv.o(.text)
    __aeabi_idiv                             0x080002d7   Thumb Code     0  aeabi_sdiv.o(.text)
    __aeabi_idivmod                          0x080002d7   Thumb Code   326  aeabi_sdiv.o(.text)
    __use_two_region_memory                  0x0800041d   Thumb Code     2  heapauxi.o(.text)
    __rt_heap_escrow$2region                 0x0800041f   Thumb Code     2  heapauxi.o(.text)
    __rt_heap_expand$2region                 0x08000421   Thumb Code     2  heapauxi.o(.text)
    __aeabi_d2f                              0x08000425   Thumb Code     0  d2f.o(.text)
    _d2f                                     0x08000425   Thumb Code   120  d2f.o(.text)
    __aeabi_dadd                             0x08000799   Thumb Code     0  daddsub.o(.text)
    _dadd                                    0x08000799   Thumb Code    26  daddsub.o(.text)
    __aeabi_dsub                             0x080007b3   Thumb Code     0  daddsub.o(.text)
    _dsub                                    0x080007b3   Thumb Code    22  daddsub.o(.text)
    __aeabi_drsub                            0x080007c9   Thumb Code     0  daddsub.o(.text)
    _drsb                                    0x080007c9   Thumb Code    28  daddsub.o(.text)
    __aeabi_ddiv                             0x080007f9   Thumb Code     0  ddiv.o(.text)
    _ddiv                                    0x080007f9   Thumb Code  1072  ddiv.o(.text)
    _drdiv                                   0x08000c29   Thumb Code    20  ddiv.o(.text)
    __aeabi_dmul                             0x08000c41   Thumb Code     0  dmul.o(.text)
    _dmul                                    0x08000c41   Thumb Code   558  dmul.o(.text)
    __ARM_scalbn                             0x08000e89   Thumb Code    84  dscalbn.o(.text)
    __aeabi_f2d                              0x08000ee9   Thumb Code     0  f2d.o(.text)
    _f2d                                     0x08000ee9   Thumb Code    80  f2d.o(.text)
    __aeabi_fdiv                             0x08000f3d   Thumb Code     0  fdiv.o(.text)
    _fdiv                                    0x08000f3d   Thumb Code   334  fdiv.o(.text)
    _frdiv                                   0x0800108b   Thumb Code     8  fdiv.o(.text)
    __aeabi_f2iz                             0x0800109d   Thumb Code     0  ffixi.o(.text)
    _ffix                                    0x0800109d   Thumb Code    76  ffixi.o(.text)
    __aeabi_f2uiz                            0x080010e9   Thumb Code     0  ffixui.o(.text)
    _ffixu                                   0x080010e9   Thumb Code    48  ffixui.o(.text)
    __aeabi_i2f_normalise                    0x08001119   Thumb Code    72  fflti.o(.text)
    __aeabi_i2f                              0x08001161   Thumb Code    16  fflti.o(.text)
    _fflt                                    0x08001161   Thumb Code     0  fflti.o(.text)
    __aeabi_ui2f                             0x08001171   Thumb Code     6  fflti.o(.text)
    _ffltu                                   0x08001171   Thumb Code     0  fflti.o(.text)
    __ARM_scalbnf                            0x08001179   Thumb Code    64  fscalbn.o(.text)
    __read_errno                             0x080011bd   Thumb Code    10  _rserrno.o(.text)
    __set_errno                              0x080011c7   Thumb Code    12  _rserrno.o(.text)
    __fpl_fcmp_InfNaN                        0x080011d5   Thumb Code    96  fcmpin.o(.text)
    __aeabi_errno_addr                       0x08001239   Thumb Code     8  rt_errno_addr_intlibspace.o(.text)
    __errno$intlibspace                      0x08001239   Thumb Code     0  rt_errno_addr_intlibspace.o(.text)
    __rt_errno_addr$intlibspace              0x08001239   Thumb Code     0  rt_errno_addr_intlibspace.o(.text)
    __fpl_cmpreturn                          0x08001241   Thumb Code    46  cmpret.o(.text)
    _dsqrt                                   0x08001271   Thumb Code   248  dsqrt.o(.text)
    __fpl_fcheck_NaN2                        0x08001371   Thumb Code    10  fnan2.o(.text)
    __user_libspace                          0x08001381   Thumb Code     8  libspace.o(.text)
    __user_perproc_libspace                  0x08001381   Thumb Code     0  libspace.o(.text)
    __user_perthread_libspace                0x08001381   Thumb Code     0  libspace.o(.text)
    __user_setup_stackheap                   0x08001389   Thumb Code    62  sys_stackheap_outer.o(.text)
    exit                                     0x080013c7   Thumb Code    16  exit.o(.text)
    __fpl_return_NaN                         0x080013d7   Thumb Code    94  retnan.o(.text)
    _sys_exit                                0x08001435   Thumb Code     8  sys_exit.o(.text)
    __I$use$semihosting                      0x08001441   Thumb Code     0  use_no_semi.o(.text)
    __use_no_semihosting_swi                 0x08001441   Thumb Code     2  use_no_semi.o(.text)
    __decompress                             0x08001443   Thumb Code     0  __dczerorl.o(.text)
    __decompress0                            0x08001443   Thumb Code    58  __dczerorl.o(.text)
    __semihosting_library_function           0x08001443   Thumb Code     0  indicate_semi.o(.text)
    ALT_Ctrl                                 0x0800147d   Thumb Code   480  height_control.o(i.ALT_Ctrl)
    ATT_Update                               0x080016b1   Thumb Code  1074  imu.o(i.ATT_Update)
    ActionHoldPoint                          0x08001aed   Thumb Code    38  followline.o(i.ActionHoldPoint)
    BSP_Init                                 0x08001b1d   Thumb Code    96  bsp_stm32g031f8px.o(i.BSP_Init)
    ClacCascadePID                           0x08001b85   Thumb Code    30  pid.o(i.ClacCascadePID)
    DMA1_Ch4_5_DMAMUX1_OVR_IRQHandler        0x08001ba5   Thumb Code    16  stm32g0xx_it.o(i.DMA1_Ch4_5_DMAMUX1_OVR_IRQHandler)
    DMA1_Channel1_IRQHandler                 0x08001bbd   Thumb Code    10  stm32g0xx_it.o(i.DMA1_Channel1_IRQHandler)
    DMA1_Channel2_3_IRQHandler               0x08001bcd   Thumb Code    16  stm32g0xx_it.o(i.DMA1_Channel2_3_IRQHandler)
    Error_Handler                            0x08001c3d   Thumb Code     4  main.o(i.Error_Handler)
    FlightPidControl                         0x08001c41   Thumb Code   330  control.o(i.FlightPidControl)
    GetAngle                                 0x08001db9   Thumb Code   146  imu.o(i.GetAngle)
    GetMPU6050Data                           0x08001e59   Thumb Code   132  mpu6050.o(i.GetMPU6050Data)
    HAL_ADC_ConfigChannel                    0x08001eed   Thumb Code   522  stm32g0xx_hal_adc.o(i.HAL_ADC_ConfigChannel)
    HAL_ADC_Init                             0x08002111   Thumb Code   568  stm32g0xx_hal_adc.o(i.HAL_ADC_Init)
    HAL_ADC_MspInit                          0x0800236d   Thumb Code    82  adc.o(i.HAL_ADC_MspInit)
    HAL_DMA_Abort                            0x080023cd   Thumb Code   112  stm32g0xx_hal_dma.o(i.HAL_DMA_Abort)
    HAL_DMA_Abort_IT                         0x08002441   Thumb Code   118  stm32g0xx_hal_dma.o(i.HAL_DMA_Abort_IT)
    HAL_DMA_IRQHandler                       0x080024bd   Thumb Code   180  stm32g0xx_hal_dma.o(i.HAL_DMA_IRQHandler)
    HAL_DMA_Init                             0x08002575   Thumb Code   156  stm32g0xx_hal_dma.o(i.HAL_DMA_Init)
    HAL_GPIO_Init                            0x08002619   Thumb Code   326  stm32g0xx_hal_gpio.o(i.HAL_GPIO_Init)
    HAL_GPIO_WritePin                        0x08002771   Thumb Code    12  stm32g0xx_hal_gpio.o(i.HAL_GPIO_WritePin)
    HAL_GetTick                              0x0800277d   Thumb Code     6  stm32g0xx_hal.o(i.HAL_GetTick)
    HAL_HalfDuplex_Init                      0x08002789   Thumb Code   118  stm32g0xx_hal_uart.o(i.HAL_HalfDuplex_Init)
    HAL_I2CEx_ConfigAnalogFilter             0x080027ff   Thumb Code    74  stm32g0xx_hal_i2c_ex.o(i.HAL_I2CEx_ConfigAnalogFilter)
    HAL_I2CEx_ConfigDigitalFilter            0x08002849   Thumb Code    72  stm32g0xx_hal_i2c_ex.o(i.HAL_I2CEx_ConfigDigitalFilter)
    HAL_I2C_Init                             0x08002891   Thumb Code   176  stm32g0xx_hal_i2c.o(i.HAL_I2C_Init)
    HAL_I2C_Mem_Read                         0x08002945   Thumb Code   332  stm32g0xx_hal_i2c.o(i.HAL_I2C_Mem_Read)
    HAL_I2C_MspInit                          0x08002a99   Thumb Code   238  i2c.o(i.HAL_I2C_MspInit)
    HAL_IncTick                              0x08002ba1   Thumb Code    12  stm32g0xx_hal.o(i.HAL_IncTick)
    HAL_Init                                 0x08002bb1   Thumb Code    36  stm32g0xx_hal.o(i.HAL_Init)
    HAL_InitTick                             0x08002bd9   Thumb Code    64  stm32g0xx_hal.o(i.HAL_InitTick)
    HAL_MspInit                              0x08002c21   Thumb Code    38  stm32g0xx_hal_msp.o(i.HAL_MspInit)
    HAL_NVIC_EnableIRQ                       0x08002c4d   Thumb Code    18  stm32g0xx_hal_cortex.o(i.HAL_NVIC_EnableIRQ)
    HAL_NVIC_SetPriority                     0x08002c65   Thumb Code     8  stm32g0xx_hal_cortex.o(i.HAL_NVIC_SetPriority)
    HAL_PWREx_ControlVoltageScaling          0x08002c6d   Thumb Code    62  stm32g0xx_hal_pwr_ex.o(i.HAL_PWREx_ControlVoltageScaling)
    HAL_RCCEx_PeriphCLKConfig                0x08002cb9   Thumb Code   420  stm32g0xx_hal_rcc_ex.o(i.HAL_RCCEx_PeriphCLKConfig)
    HAL_RCC_ClockConfig                      0x08002e69   Thumb Code   318  stm32g0xx_hal_rcc.o(i.HAL_RCC_ClockConfig)
    HAL_RCC_GetPCLK1Freq                     0x08002fc1   Thumb Code    26  stm32g0xx_hal_rcc.o(i.HAL_RCC_GetPCLK1Freq)
    HAL_RCC_GetSysClockFreq                  0x08002fe9   Thumb Code   130  stm32g0xx_hal_rcc.o(i.HAL_RCC_GetSysClockFreq)
    HAL_RCC_OscConfig                        0x08003075   Thumb Code   970  stm32g0xx_hal_rcc.o(i.HAL_RCC_OscConfig)
    HAL_SYSTICK_Config                       0x08003465   Thumb Code    38  stm32g0xx_hal_cortex.o(i.HAL_SYSTICK_Config)
    HAL_TIMEx_MasterConfigSynchronization    0x08003495   Thumb Code    98  stm32g0xx_hal_tim_ex.o(i.HAL_TIMEx_MasterConfigSynchronization)
    HAL_TIM_Base_Init                        0x08003501   Thumb Code    76  stm32g0xx_hal_tim.o(i.HAL_TIM_Base_Init)
    HAL_TIM_Base_MspInit                     0x0800354d   Thumb Code    72  tim.o(i.HAL_TIM_Base_MspInit)
    HAL_TIM_ConfigClockSource                0x080035a1   Thumb Code   210  stm32g0xx_hal_tim.o(i.HAL_TIM_ConfigClockSource)
    HAL_TIM_MspPostInit                      0x08003679   Thumb Code   100  tim.o(i.HAL_TIM_MspPostInit)
    HAL_TIM_PWM_ConfigChannel                0x080036e5   Thumb Code   286  stm32g0xx_hal_tim.o(i.HAL_TIM_PWM_ConfigChannel)
    HAL_TIM_PWM_Init                         0x08003803   Thumb Code    76  stm32g0xx_hal_tim.o(i.HAL_TIM_PWM_Init)
    HAL_TIM_PWM_MspInit                      0x0800384f   Thumb Code     2  stm32g0xx_hal_tim.o(i.HAL_TIM_PWM_MspInit)
    HAL_TIM_PWM_Start                        0x08003851   Thumb Code   178  stm32g0xx_hal_tim.o(i.HAL_TIM_PWM_Start)
    HAL_UARTEx_DisableFifoMode               0x08003919   Thumb Code    60  stm32g0xx_hal_uart_ex.o(i.HAL_UARTEx_DisableFifoMode)
    HAL_UARTEx_RxEventCallback               0x08003955   Thumb Code     2  stm32g0xx_hal_uart.o(i.HAL_UARTEx_RxEventCallback)
    HAL_UARTEx_RxFifoFullCallback            0x08003957   Thumb Code     2  stm32g0xx_hal_uart_ex.o(i.HAL_UARTEx_RxFifoFullCallback)
    HAL_UARTEx_SetRxFifoThreshold            0x08003959   Thumb Code    72  stm32g0xx_hal_uart_ex.o(i.HAL_UARTEx_SetRxFifoThreshold)
    HAL_UARTEx_SetTxFifoThreshold            0x080039a1   Thumb Code    70  stm32g0xx_hal_uart_ex.o(i.HAL_UARTEx_SetTxFifoThreshold)
    HAL_UARTEx_TxFifoEmptyCallback           0x080039e7   Thumb Code     2  stm32g0xx_hal_uart_ex.o(i.HAL_UARTEx_TxFifoEmptyCallback)
    HAL_UARTEx_WakeupCallback                0x080039e9   Thumb Code     2  stm32g0xx_hal_uart_ex.o(i.HAL_UARTEx_WakeupCallback)
    HAL_UART_ErrorCallback                   0x080039eb   Thumb Code     2  stm32g0xx_hal_uart.o(i.HAL_UART_ErrorCallback)
    HAL_UART_IRQHandler                      0x080039ed   Thumb Code   726  stm32g0xx_hal_uart.o(i.HAL_UART_IRQHandler)
    HAL_UART_Init                            0x08003cd5   Thumb Code   108  stm32g0xx_hal_uart.o(i.HAL_UART_Init)
    HAL_UART_MspInit                         0x08003d41   Thumb Code   300  usart.o(i.HAL_UART_MspInit)
    HAL_UART_TxCpltCallback                  0x08003e85   Thumb Code     2  stm32g0xx_hal_uart.o(i.HAL_UART_TxCpltCallback)
    HardFault_Handler                        0x08003e87   Thumb Code     2  stm32g0xx_it.o(i.HardFault_Handler)
    IMU_Reset                                0x080040a9   Thumb Code    18  imu.o(i.IMU_Reset)
    KernelPolling                            0x080040c1   Thumb Code   142  kernel.o(i.KernelPolling)
    MPU6050_IIC_Read_Bytes                   0x0800419d   Thumb Code    22  bsp_stm32g031f8px.o(i.MPU6050_IIC_Read_Bytes)
    MX_ADC1_Init                             0x080041b9   Thumb Code   100  adc.o(i.MX_ADC1_Init)
    MX_DMA_Init                              0x08004229   Thumb Code    68  dma.o(i.MX_DMA_Init)
    MX_GPIO_Init                             0x08004271   Thumb Code   110  gpio.o(i.MX_GPIO_Init)
    MX_I2C1_Init                             0x080042e9   Thumb Code    76  i2c.o(i.MX_I2C1_Init)
    MX_I2C2_Init                             0x08004341   Thumb Code    76  i2c.o(i.MX_I2C2_Init)
    MX_TIM1_Init                             0x08004399   Thumb Code   102  tim.o(i.MX_TIM1_Init)
    MX_TIM2_Init                             0x0800440d   Thumb Code   174  tim.o(i.MX_TIM2_Init)
    MX_TIM3_Init                             0x080044c5   Thumb Code   172  tim.o(i.MX_TIM3_Init)
    MX_USART1_UART_Init                      0x0800457d   Thumb Code    96  usart.o(i.MX_USART1_UART_Init)
    MX_USART2_UART_Init                      0x080045e5   Thumb Code    50  usart.o(i.MX_USART2_UART_Init)
    MotorControl                             0x08004621   Thumb Code   366  control.o(i.MotorControl)
    NMI_Handler                              0x080047a9   Thumb Code     2  stm32g0xx_it.o(i.NMI_Handler)
    POS_Ctrl                                 0x080047ad   Thumb Code   466  pos_ctrl.o(i.POS_Ctrl)
    PendSV_Handler                           0x080049b9   Thumb Code     2  stm32g0xx_it.o(i.PendSV_Handler)
    Q_rsqrt                                  0x080049bd   Thumb Code    48  mymath.o(i.Q_rsqrt)
    ResetAlt                                 0x080049f1   Thumb Code     8  spl06.o(i.ResetAlt)
    ResetPID                                 0x080049fd   Thumb Code    34  pid.o(i.ResetPID)
    SVC_Handler                              0x08004a2d   Thumb Code     2  stm32g0xx_it.o(i.SVC_Handler)
    SysTick_Handler                          0x08004a2f   Thumb Code     8  stm32g0xx_it.o(i.SysTick_Handler)
    SystemClock_Config                       0x08004a39   Thumb Code   144  bsp_stm32g031f8px.o(i.SystemClock_Config)
    SystemInit                               0x08004acd   Thumb Code     2  system_stm32g0xx.o(i.SystemInit)
    TIM_Base_SetConfig                       0x08004ad1   Thumb Code   112  stm32g0xx_hal_tim.o(i.TIM_Base_SetConfig)
    TIM_CCxChannelCmd                        0x08004b55   Thumb Code    26  stm32g0xx_hal_tim.o(i.TIM_CCxChannelCmd)
    TIM_ETR_SetConfig                        0x08004b6f   Thumb Code    22  stm32g0xx_hal_tim.o(i.TIM_ETR_SetConfig)
    TIM_OC2_SetConfig                        0x08004c15   Thumb Code   108  stm32g0xx_hal_tim.o(i.TIM_OC2_SetConfig)
    UART_AdvFeatureConfig                    0x08004ec5   Thumb Code   202  stm32g0xx_hal_uart.o(i.UART_AdvFeatureConfig)
    UART_CheckIdleState                      0x08004f91   Thumb Code    94  stm32g0xx_hal_uart.o(i.UART_CheckIdleState)
    UART_SetConfig                           0x0800506d   Thumb Code   484  stm32g0xx_hal_uart.o(i.UART_SetConfig)
    UART_WaitOnFlagUntilTimeout              0x08005279   Thumb Code   210  stm32g0xx_hal_uart.o(i.UART_WaitOnFlagUntilTimeout)
    USART2_IRQHandler                        0x0800534d   Thumb Code    10  stm32g0xx_it.o(i.USART2_IRQHandler)
    UpdateAction                             0x0800535d   Thumb Code    56  followline.o(i.UpdateAction)
    UpdateButton                             0x080053a1   Thumb Code    26  followline.o(i.UpdateButton)
    UpdateCentControl                        0x080053c5   Thumb Code    20  followline.o(i.UpdateCentControl)
    UpdatePID                                0x080053d9   Thumb Code   262  pid.o(i.UpdatePID)
    UpdateStatus                             0x080054e1   Thumb Code    88  followline.o(i.UpdateStatus)
    Update_Motor                             0x08005541   Thumb Code    24  bsp_stm32g031f8px.o(i.Update_Motor)
    WZ_Est_Calcu                             0x08005561   Thumb Code    42  speed_estimator.o(i.WZ_Est_Calcu)
    WZ_Fix_Calcu                             0x08005595   Thumb Code   196  speed_estimator.o(i.WZ_Fix_Calcu)
    WZ_Fus_Reset                             0x08005679   Thumb Code    14  speed_estimator.o(i.WZ_Fus_Reset)
    WZ_Obs_Calcu                             0x0800568d   Thumb Code    88  speed_estimator.o(i.WZ_Obs_Calcu)
    __ARM_fpclassify                         0x080056fd   Thumb Code    40  fpclassify.o(i.__ARM_fpclassify)
    __ARM_fpclassifyf                        0x08005729   Thumb Code    34  fpclassifyf.o(i.__ARM_fpclassifyf)
    __kernel_poly                            0x08005791   Thumb Code   172  poly.o(i.__kernel_poly)
    __mathlib_dbl_infnan                     0x0800583d   Thumb Code    10  dunder.o(i.__mathlib_dbl_infnan)
    __mathlib_dbl_invalid                    0x08005847   Thumb Code    16  dunder.o(i.__mathlib_dbl_invalid)
    __mathlib_dbl_underflow                  0x08005859   Thumb Code    14  dunder.o(i.__mathlib_dbl_underflow)
    __mathlib_flt_infnan2                    0x0800586d   Thumb Code     8  funder.o(i.__mathlib_flt_infnan2)
    __mathlib_flt_underflow                  0x08005875   Thumb Code    14  funder.o(i.__mathlib_flt_underflow)
    asin                                     0x08005885   Thumb Code   574  asin.o(i.asin)
    atan2f                                   0x08005af9   Thumb Code   592  atan2f.o(i.atan2f)
    main                                     0x08005d95   Thumb Code    10  mymain.o(i.main)
    reset_i                                  0x08005d9f   Thumb Code     6  pid.o(i.reset_i)
    sdk_land                                 0x08005da5   Thumb Code     8  sdk.o(i.sdk_land)
    sdk_takeoff                              0x08005db1   Thumb Code    14  sdk.o(i.sdk_takeoff)
    sdk_update                               0x08005dc5   Thumb Code   204  sdk.o(i.sdk_update)
    sdk_velocity_reset                       0x08005ec1   Thumb Code    10  sdk.o(i.sdk_velocity_reset)
    sqrt                                     0x08005ed1   Thumb Code    66  sqrt.o(i.sqrt)
    __aeabi_fadd                             0x08005f19   Thumb Code     0  faddsub.o(x$fpl$fadd)
    _fadd                                    0x08005f19   Thumb Code   134  faddsub.o(x$fpl$fadd)
    __aeabi_cfcmple                          0x08005fa5   Thumb Code     0  flef.o(x$fpl$fleqf)
    _fcmple                                  0x08005fa5   Thumb Code    78  flef.o(x$fpl$fleqf)
    __aeabi_fmul                             0x08005ff9   Thumb Code     0  fmul.o(x$fpl$fmul)
    _fmul                                    0x08005ff9   Thumb Code   172  fmul.o(x$fpl$fmul)
    __aeabi_cfrcmple                         0x080060a9   Thumb Code     0  frlef.o(x$fpl$frleqf)
    _frcmple                                 0x080060a9   Thumb Code    84  frlef.o(x$fpl$frleqf)
    __aeabi_frsub                            0x08006101   Thumb Code     0  faddsub.o(x$fpl$frsb)
    _frsb                                    0x08006101   Thumb Code    24  faddsub.o(x$fpl$frsb)
    __aeabi_fsub                             0x08006119   Thumb Code     0  faddsub.o(x$fpl$fsub)
    _fsub                                    0x08006119   Thumb Code   204  faddsub.o(x$fpl$fsub)
    UARTPrescTable                           0x080061e8   Data          24  stm32g0xx_hal_uart.o(.constdata)
    __I$use$fp                               0x080061e8   Number         0  usenofp.o(x$fpl$usenofp)
    AHBPrescTable                            0x08006210   Data          64  system_stm32g0xx.o(.constdata)
    APBPrescTable                            0x08006250   Data          32  system_stm32g0xx.o(.constdata)
    Region$$Table$$Base                      0x08006380   Number         0  anon$$obj.o(Region$$Table)
    Region$$Table$$Limit                     0x080063a0   Number         0  anon$$obj.o(Region$$Table)
    uwTickFreq                               0x20000000   Data           1  stm32g0xx_hal.o(.data)
    uwTickPrio                               0x20000004   Data           4  stm32g0xx_hal.o(.data)
    uwTick                                   0x20000008   Data           4  stm32g0xx_hal.o(.data)
    SystemCoreClock                          0x2000000c   Data           4  system_stm32g0xx.o(.data)
    pMpu                                     0x20000010   Data           4  mpu6050.o(.data)
    PIDGroup_desired_yaw_pos_tmp             0x2000001c   Data           4  control.o(.data)
    motor                                    0x20000020   Data           8  control.o(.data)
    fc_state_take_off                        0x20000034   Data           1  height_control.o(.data)
    ExpAlt                                   0x20000036   Data           2  height_control.o(.data)
    FbAlt                                    0x20000038   Data           2  height_control.o(.data)
    exp_velocity                             0x20000074   Data           8  pos_ctrl.o(.data)
    fb_velocity                              0x2000007c   Data           8  pos_ctrl.o(.data)
    fb_velocity_old                          0x20000084   Data           8  pos_ctrl.o(.data)
    fb_velocity_d                            0x2000008c   Data           8  pos_ctrl.o(.data)
    fb_velocity_fixed                        0x20000094   Data           8  pos_ctrl.o(.data)
    pos_velocity_err                         0x2000009c   Data           8  pos_ctrl.o(.data)
    pos_velocity_err_i                       0x200000a4   Data           8  pos_ctrl.o(.data)
    pos_out                                  0x200000ac   Data           8  pos_ctrl.o(.data)
    pos_out_trans                            0x200000b4   Data           8  pos_ctrl.o(.data)
    wz_fus_sta                               0x200000c9   Data           1  speed_estimator.o(.data)
    obs_wz_velocity                          0x200000cc   Data           4  speed_estimator.o(.data)
    obs_wz_height                            0x200000d0   Data           4  speed_estimator.o(.data)
    obs_wz_hasl                              0x200000d4   Data           4  speed_estimator.o(.data)
    obs_wz_hasl_gnd                          0x200000d8   Data           4  speed_estimator.o(.data)
    obs_wz_velocity_ref                      0x200000dc   Data           4  speed_estimator.o(.data)
    obs_wz_height_ref                        0x200000e0   Data           4  speed_estimator.o(.data)
    est_wz_velocity                          0x200000e4   Data           4  speed_estimator.o(.data)
    est_wz_height                            0x200000e8   Data           4  speed_estimator.o(.data)
    fix_wz_velocity                          0x200000ec   Data           4  speed_estimator.o(.data)
    fix_wz_height                            0x200000f0   Data           4  speed_estimator.o(.data)
    fix_wz_acceleration                      0x200000f4   Data           4  speed_estimator.o(.data)
    FlightStatus                             0x200000fc   Data           5  config.o(.data)
    NormAccz                                 0x20000108   Data           4  imu.o(.data)
    hadc1                                    0x20000130   Data         100  adc.o(.bss)
    hi2c1                                    0x20000194   Data          76  i2c.o(.bss)
    hi2c2                                    0x200001e0   Data          76  i2c.o(.bss)
    hdma_i2c1_rx                             0x2000022c   Data          92  i2c.o(.bss)
    hdma_i2c1_tx                             0x20000288   Data          92  i2c.o(.bss)
    htim1                                    0x200002e4   Data          76  tim.o(.bss)
    htim2                                    0x20000330   Data          76  tim.o(.bss)
    htim3                                    0x2000037c   Data          76  tim.o(.bss)
    huart1                                   0x200003c8   Data         144  usart.o(.bss)
    huart2                                   0x20000458   Data         144  usart.o(.bss)
    hdma_usart1_tx                           0x200004e8   Data          92  usart.o(.bss)
    hdma_usart2_rx                           0x20000544   Data          92  usart.o(.bss)
    hdma_usart2_tx                           0x200005a0   Data          92  usart.o(.bss)
    fb_gyro_lpf                              0x2000062c   Data          12  control.o(.bss)
    FollowManager                            0x20000638   Data          44  followline.o(.bss)
    SBusRxBuff                               0x20000674   Data          30  remote.o(.bss)
    SBusRemote                               0x20000692   Data          32  remote.o(.bss)
    RC_rxData                                0x200006b2   Data          32  remote.o(.bss)
    Remote                                   0x200006d2   Data          22  remote.o(.bss)
    PreRemote                                0x200006e8   Data          26  remote.o(.bss)
    sdk_pid                                  0x20000704   Data         204  sdk.o(.bss)
    sdk_manager                              0x200007d0   Data          44  sdk.o(.bss)
    s2_height                                0x200007fc   Data          88  sdk.o(.bss)
    fix_rat                                  0x20000854   Data          12  speed_estimator.o(.bss)
    FlightAttitude                           0x20000860   Data          12  config.o(.bss)
    f_SPL06                                  0x2000086c   Data          76  config.o(.bss)
    MPU6050                                  0x200008b8   Data          26  config.o(.bss)
    HeightInfo                               0x200008d4   Data          20  config.o(.bss)
    PIDGroup                                 0x200008e8   Data         544  pid.o(.bss)
    __libspace_start                         0x20000b08   Data          96  libspace.o(.bss)
    __temporary_stack_top$libspace           0x20000b68   Data           0  libspace.o(.bss)



==============================================================================

Memory Map of the image

  Image Entry point : 0x080000c1

  Load Region LR_IROM1 (Base: 0x08000000, Size: 0x000064d0, Max: 0x00010000, ABSOLUTE, COMPRESSED[0x000063c4])

    Execution Region ER_IROM1 (Exec base: 0x08000000, Load base: 0x08000000, Size: 0x000063a0, Max: 0x00010000, ABSOLUTE)

    Exec Addr    Load Addr    Size         Type   Attr      Idx    E Section Name        Object

    0x08000000   0x08000000   0x000000c0   Data   RO            3    RESET               startup_stm32g031xx.o
    0x080000c0   0x080000c0   0x00000008   Code   RO         5480  * !!!main             c_p.l(__main.o)
    0x080000c8   0x080000c8   0x0000003c   Code   RO         5825    !!!scatter          c_p.l(__scatter.o)
    0x08000104   0x08000104   0x0000001c   Code   RO         5827    !!handler_zi        c_p.l(__scatter_zi.o)
    0x08000120   0x08000120   0x00000002   Code   RO         5689    .ARM.Collect$$libinit$$00000000  c_p.l(libinit.o)
    0x08000122   0x08000122   0x00000000   Code   RO         5704    .ARM.Collect$$libinit$$00000002  c_p.l(libinit2.o)
    0x08000122   0x08000122   0x00000000   Code   RO         5706    .ARM.Collect$$libinit$$00000004  c_p.l(libinit2.o)
    0x08000122   0x08000122   0x00000000   Code   RO         5709    .ARM.Collect$$libinit$$0000000A  c_p.l(libinit2.o)
    0x08000122   0x08000122   0x00000000   Code   RO         5711    .ARM.Collect$$libinit$$0000000C  c_p.l(libinit2.o)
    0x08000122   0x08000122   0x00000000   Code   RO         5713    .ARM.Collect$$libinit$$0000000E  c_p.l(libinit2.o)
    0x08000122   0x08000122   0x00000000   Code   RO         5716    .ARM.Collect$$libinit$$00000011  c_p.l(libinit2.o)
    0x08000122   0x08000122   0x00000000   Code   RO         5718    .ARM.Collect$$libinit$$00000013  c_p.l(libinit2.o)
    0x08000122   0x08000122   0x00000000   Code   RO         5720    .ARM.Collect$$libinit$$00000015  c_p.l(libinit2.o)
    0x08000122   0x08000122   0x00000000   Code   RO         5722    .ARM.Collect$$libinit$$00000017  c_p.l(libinit2.o)
    0x08000122   0x08000122   0x00000000   Code   RO         5724    .ARM.Collect$$libinit$$00000019  c_p.l(libinit2.o)
    0x08000122   0x08000122   0x00000000   Code   RO         5726    .ARM.Collect$$libinit$$0000001B  c_p.l(libinit2.o)
    0x08000122   0x08000122   0x00000000   Code   RO         5728    .ARM.Collect$$libinit$$0000001D  c_p.l(libinit2.o)
    0x08000122   0x08000122   0x00000000   Code   RO         5730    .ARM.Collect$$libinit$$0000001F  c_p.l(libinit2.o)
    0x08000122   0x08000122   0x00000000   Code   RO         5732    .ARM.Collect$$libinit$$00000021  c_p.l(libinit2.o)
    0x08000122   0x08000122   0x00000000   Code   RO         5734    .ARM.Collect$$libinit$$00000023  c_p.l(libinit2.o)
    0x08000122   0x08000122   0x00000000   Code   RO         5736    .ARM.Collect$$libinit$$00000025  c_p.l(libinit2.o)
    0x08000122   0x08000122   0x00000000   Code   RO         5740    .ARM.Collect$$libinit$$0000002C  c_p.l(libinit2.o)
    0x08000122   0x08000122   0x00000000   Code   RO         5742    .ARM.Collect$$libinit$$0000002E  c_p.l(libinit2.o)
    0x08000122   0x08000122   0x00000000   Code   RO         5744    .ARM.Collect$$libinit$$00000030  c_p.l(libinit2.o)
    0x08000122   0x08000122   0x00000000   Code   RO         5746    .ARM.Collect$$libinit$$00000032  c_p.l(libinit2.o)
    0x08000122   0x08000122   0x00000002   Code   RO         5747    .ARM.Collect$$libinit$$00000033  c_p.l(libinit2.o)
    0x08000124   0x08000124   0x00000002   Code   RO         5778    .ARM.Collect$$libshutdown$$00000000  c_p.l(libshutdown.o)
    0x08000126   0x08000126   0x00000000   Code   RO         5804    .ARM.Collect$$libshutdown$$00000002  c_p.l(libshutdown2.o)
    0x08000126   0x08000126   0x00000000   Code   RO         5806    .ARM.Collect$$libshutdown$$00000004  c_p.l(libshutdown2.o)
    0x08000126   0x08000126   0x00000000   Code   RO         5808    .ARM.Collect$$libshutdown$$00000006  c_p.l(libshutdown2.o)
    0x08000126   0x08000126   0x00000000   Code   RO         5811    .ARM.Collect$$libshutdown$$00000009  c_p.l(libshutdown2.o)
    0x08000126   0x08000126   0x00000000   Code   RO         5814    .ARM.Collect$$libshutdown$$0000000C  c_p.l(libshutdown2.o)
    0x08000126   0x08000126   0x00000000   Code   RO         5816    .ARM.Collect$$libshutdown$$0000000E  c_p.l(libshutdown2.o)
    0x08000126   0x08000126   0x00000000   Code   RO         5819    .ARM.Collect$$libshutdown$$00000011  c_p.l(libshutdown2.o)
    0x08000126   0x08000126   0x00000002   Code   RO         5820    .ARM.Collect$$libshutdown$$00000012  c_p.l(libshutdown2.o)
    0x08000128   0x08000128   0x00000000   Code   RO         5568    .ARM.Collect$$rtentry$$00000000  c_p.l(__rtentry.o)
    0x08000128   0x08000128   0x00000000   Code   RO         5639    .ARM.Collect$$rtentry$$00000002  c_p.l(__rtentry2.o)
    0x08000128   0x08000128   0x00000006   Code   RO         5651    .ARM.Collect$$rtentry$$00000004  c_p.l(__rtentry4.o)
    0x0800012e   0x0800012e   0x00000000   Code   RO         5641    .ARM.Collect$$rtentry$$00000009  c_p.l(__rtentry2.o)
    0x0800012e   0x0800012e   0x00000004   Code   RO         5642    .ARM.Collect$$rtentry$$0000000A  c_p.l(__rtentry2.o)
    0x08000132   0x08000132   0x00000000   Code   RO         5644    .ARM.Collect$$rtentry$$0000000C  c_p.l(__rtentry2.o)
    0x08000132   0x08000132   0x00000008   Code   RO         5645    .ARM.Collect$$rtentry$$0000000D  c_p.l(__rtentry2.o)
    0x0800013a   0x0800013a   0x00000002   Code   RO         5695    .ARM.Collect$$rtexit$$00000000  c_p.l(rtexit.o)
    0x0800013c   0x0800013c   0x00000000   Code   RO         5751    .ARM.Collect$$rtexit$$00000002  c_p.l(rtexit2.o)
    0x0800013c   0x0800013c   0x00000004   Code   RO         5752    .ARM.Collect$$rtexit$$00000003  c_p.l(rtexit2.o)
    0x08000140   0x08000140   0x00000006   Code   RO         5753    .ARM.Collect$$rtexit$$00000004  c_p.l(rtexit2.o)
    0x08000146   0x08000146   0x00000002   PAD
    0x08000148   0x08000148   0x00000038   Code   RO            4    .text               startup_stm32g031xx.o
    0x08000180   0x08000180   0x00000102   Code   RO         5460    .text               c_p.l(lludiv.o)
    0x08000282   0x08000282   0x00000040   Code   RO         5472    .text               c_p.l(rt_memclr.o)
    0x080002c2   0x080002c2   0x0000015a   Code   RO         5474    .text               c_p.l(aeabi_sdiv.o)
    0x0800041c   0x0800041c   0x00000006   Code   RO         5478    .text               c_p.l(heapauxi.o)
    0x08000422   0x08000422   0x00000002   PAD
    0x08000424   0x08000424   0x0000007c   Code   RO         5482    .text               fz_ps.l(d2f.o)
    0x080004a0   0x080004a0   0x00000358   Code   RO         5484    .text               fz_ps.l(daddsub.o)
    0x080007f8   0x080007f8   0x00000448   Code   RO         5486    .text               fz_ps.l(ddiv.o)
    0x08000c40   0x08000c40   0x00000248   Code   RO         5493    .text               fz_ps.l(dmul.o)
    0x08000e88   0x08000e88   0x00000060   Code   RO         5495    .text               fz_ps.l(dscalbn.o)
    0x08000ee8   0x08000ee8   0x00000054   Code   RO         5497    .text               fz_ps.l(f2d.o)
    0x08000f3c   0x08000f3c   0x00000160   Code   RO         5505    .text               fz_ps.l(fdiv.o)
    0x0800109c   0x0800109c   0x0000004c   Code   RO         5510    .text               fz_ps.l(ffixi.o)
    0x080010e8   0x080010e8   0x00000030   Code   RO         5512    .text               fz_ps.l(ffixui.o)
    0x08001118   0x08001118   0x0000005e   Code   RO         5514    .text               fz_ps.l(fflti.o)
    0x08001176   0x08001176   0x00000002   PAD
    0x08001178   0x08001178   0x00000044   Code   RO         5522    .text               fz_ps.l(fscalbn.o)
    0x080011bc   0x080011bc   0x00000016   Code   RO         5577    .text               c_p.l(_rserrno.o)
    0x080011d2   0x080011d2   0x00000002   PAD
    0x080011d4   0x080011d4   0x00000064   Code   RO         5585    .text               fz_ps.l(fcmpin.o)
    0x08001238   0x08001238   0x00000008   Code   RO         5658    .text               c_p.l(rt_errno_addr_intlibspace.o)
    0x08001240   0x08001240   0x0000002e   Code   RO         5662    .text               fz_ps.l(cmpret.o)
    0x0800126e   0x0800126e   0x00000002   PAD
    0x08001270   0x08001270   0x00000100   Code   RO         5668    .text               fz_ps.l(dsqrt.o)
    0x08001370   0x08001370   0x00000010   Code   RO         5670    .text               fz_ps.l(fnan2.o)
    0x08001380   0x08001380   0x00000008   Code   RO         5672    .text               c_p.l(libspace.o)
    0x08001388   0x08001388   0x0000003e   Code   RO         5675    .text               c_p.l(sys_stackheap_outer.o)
    0x080013c6   0x080013c6   0x00000010   Code   RO         5678    .text               c_p.l(exit.o)
    0x080013d6   0x080013d6   0x0000005e   Code   RO         5692    .text               fz_ps.l(retnan.o)
    0x08001434   0x08001434   0x0000000c   Code   RO         5748    .text               c_p.l(sys_exit.o)
    0x08001440   0x08001440   0x00000002   Code   RO         5767    .text               c_p.l(use_no_semi.o)
    0x08001442   0x08001442   0x00000000   Code   RO         5769    .text               c_p.l(indicate_semi.o)
    0x08001442   0x08001442   0x0000003a   Code   RO         5823    .text               c_p.l(__dczerorl.o)
    0x0800147c   0x0800147c   0x00000234   Code   RO         4552    i.ALT_Ctrl          height_control.o
    0x080016b0   0x080016b0   0x0000043c   Code   RO         5156    i.ATT_Update        imu.o
    0x08001aec   0x08001aec   0x00000030   Code   RO         4491    i.ActionHoldPoint   followline.o
    0x08001b1c   0x08001b1c   0x00000068   Code   RO         5326    i.BSP_Init          bsp_stm32g031f8px.o
    0x08001b84   0x08001b84   0x0000001e   Code   RO         5260    i.ClacCascadePID    pid.o
    0x08001ba2   0x08001ba2   0x00000002   PAD
    0x08001ba4   0x08001ba4   0x00000018   Code   RO          371    i.DMA1_Ch4_5_DMAMUX1_OVR_IRQHandler  stm32g0xx_it.o
    0x08001bbc   0x08001bbc   0x00000010   Code   RO          372    i.DMA1_Channel1_IRQHandler  stm32g0xx_it.o
    0x08001bcc   0x08001bcc   0x00000018   Code   RO          373    i.DMA1_Channel2_3_IRQHandler  stm32g0xx_it.o
    0x08001be4   0x08001be4   0x00000030   Code   RO         1176    i.DMA_CalcDMAMUXChannelBaseAndMask  stm32g0xx_hal_dma.o
    0x08001c14   0x08001c14   0x00000028   Code   RO         1177    i.DMA_CalcDMAMUXRequestGenBaseAndMask  stm32g0xx_hal_dma.o
    0x08001c3c   0x08001c3c   0x00000004   Code   RO           10    i.Error_Handler     main.o
    0x08001c40   0x08001c40   0x00000178   Code   RO         4454    i.FlightPidControl  control.o
    0x08001db8   0x08001db8   0x000000a0   Code   RO         5157    i.GetAngle          imu.o
    0x08001e58   0x08001e58   0x00000094   Code   RO         4204    i.GetMPU6050Data    mpu6050.o
    0x08001eec   0x08001eec   0x00000224   Code   RO          470    i.HAL_ADC_ConfigChannel  stm32g0xx_hal_adc.o
    0x08002110   0x08002110   0x0000025c   Code   RO          479    i.HAL_ADC_Init      stm32g0xx_hal_adc.o
    0x0800236c   0x0800236c   0x00000060   Code   RO          167    i.HAL_ADC_MspInit   adc.o
    0x080023cc   0x080023cc   0x00000074   Code   RO         1179    i.HAL_DMA_Abort     stm32g0xx_hal_dma.o
    0x08002440   0x08002440   0x0000007c   Code   RO         1180    i.HAL_DMA_Abort_IT  stm32g0xx_hal_dma.o
    0x080024bc   0x080024bc   0x000000b8   Code   RO         1184    i.HAL_DMA_IRQHandler  stm32g0xx_hal_dma.o
    0x08002574   0x08002574   0x000000a4   Code   RO         1185    i.HAL_DMA_Init      stm32g0xx_hal_dma.o
    0x08002618   0x08002618   0x00000158   Code   RO         1112    i.HAL_GPIO_Init     stm32g0xx_hal_gpio.o
    0x08002770   0x08002770   0x0000000c   Code   RO         1116    i.HAL_GPIO_WritePin  stm32g0xx_hal_gpio.o
    0x0800277c   0x0800277c   0x0000000c   Code   RO         1709    i.HAL_GetTick       stm32g0xx_hal.o
    0x08002788   0x08002788   0x00000076   Code   RO         3513    i.HAL_HalfDuplex_Init  stm32g0xx_hal_uart.o
    0x080027fe   0x080027fe   0x0000004a   Code   RO         2450    i.HAL_I2CEx_ConfigAnalogFilter  stm32g0xx_hal_i2c_ex.o
    0x08002848   0x08002848   0x00000048   Code   RO         2451    i.HAL_I2CEx_ConfigDigitalFilter  stm32g0xx_hal_i2c_ex.o
    0x08002890   0x08002890   0x000000b4   Code   RO         2003    i.HAL_I2C_Init      stm32g0xx_hal_i2c.o
    0x08002944   0x08002944   0x00000154   Code   RO         2021    i.HAL_I2C_Mem_Read  stm32g0xx_hal_i2c.o
    0x08002a98   0x08002a98   0x00000108   Code   RO          228    i.HAL_I2C_MspInit   i2c.o
    0x08002ba0   0x08002ba0   0x00000010   Code   RO         1715    i.HAL_IncTick       stm32g0xx_hal.o
    0x08002bb0   0x08002bb0   0x00000028   Code   RO         1716    i.HAL_Init          stm32g0xx_hal.o
    0x08002bd8   0x08002bd8   0x00000048   Code   RO         1717    i.HAL_InitTick      stm32g0xx_hal.o
    0x08002c20   0x08002c20   0x0000002c   Code   RO          443    i.HAL_MspInit       stm32g0xx_hal_msp.o
    0x08002c4c   0x08002c4c   0x00000018   Code   RO         1593    i.HAL_NVIC_EnableIRQ  stm32g0xx_hal_cortex.o
    0x08002c64   0x08002c64   0x00000008   Code   RO         1597    i.HAL_NVIC_SetPriority  stm32g0xx_hal_cortex.o
    0x08002c6c   0x08002c6c   0x0000004c   Code   RO         1413    i.HAL_PWREx_ControlVoltageScaling  stm32g0xx_hal_pwr_ex.o
    0x08002cb8   0x08002cb8   0x000001b0   Code   RO          860    i.HAL_RCCEx_PeriphCLKConfig  stm32g0xx_hal_rcc_ex.o
    0x08002e68   0x08002e68   0x00000158   Code   RO          744    i.HAL_RCC_ClockConfig  stm32g0xx_hal_rcc.o
    0x08002fc0   0x08002fc0   0x00000028   Code   RO          752    i.HAL_RCC_GetPCLK1Freq  stm32g0xx_hal_rcc.o
    0x08002fe8   0x08002fe8   0x0000008c   Code   RO          754    i.HAL_RCC_GetSysClockFreq  stm32g0xx_hal_rcc.o
    0x08003074   0x08003074   0x000003f0   Code   RO          758    i.HAL_RCC_OscConfig  stm32g0xx_hal_rcc.o
    0x08003464   0x08003464   0x00000030   Code   RO         1601    i.HAL_SYSTICK_Config  stm32g0xx_hal_cortex.o
    0x08003494   0x08003494   0x0000006c   Code   RO         3235    i.HAL_TIMEx_MasterConfigSynchronization  stm32g0xx_hal_tim_ex.o
    0x08003500   0x08003500   0x0000004c   Code   RO         2502    i.HAL_TIM_Base_Init  stm32g0xx_hal_tim.o
    0x0800354c   0x0800354c   0x00000054   Code   RO          272    i.HAL_TIM_Base_MspInit  tim.o
    0x080035a0   0x080035a0   0x000000d8   Code   RO         2511    i.HAL_TIM_ConfigClockSource  stm32g0xx_hal_tim.o
    0x08003678   0x08003678   0x0000006c   Code   RO          273    i.HAL_TIM_MspPostInit  tim.o
    0x080036e4   0x080036e4   0x0000011e   Code   RO         2574    i.HAL_TIM_PWM_ConfigChannel  stm32g0xx_hal_tim.o
    0x08003802   0x08003802   0x0000004c   Code   RO         2577    i.HAL_TIM_PWM_Init  stm32g0xx_hal_tim.o
    0x0800384e   0x0800384e   0x00000002   Code   RO         2579    i.HAL_TIM_PWM_MspInit  stm32g0xx_hal_tim.o
    0x08003850   0x08003850   0x000000c8   Code   RO         2582    i.HAL_TIM_PWM_Start  stm32g0xx_hal_tim.o
    0x08003918   0x08003918   0x0000003c   Code   RO         3927    i.HAL_UARTEx_DisableFifoMode  stm32g0xx_hal_uart_ex.o
    0x08003954   0x08003954   0x00000002   Code   RO         3520    i.HAL_UARTEx_RxEventCallback  stm32g0xx_hal_uart.o
    0x08003956   0x08003956   0x00000002   Code   RO         3934    i.HAL_UARTEx_RxFifoFullCallback  stm32g0xx_hal_uart_ex.o
    0x08003958   0x08003958   0x00000048   Code   RO         3935    i.HAL_UARTEx_SetRxFifoThreshold  stm32g0xx_hal_uart_ex.o
    0x080039a0   0x080039a0   0x00000046   Code   RO         3936    i.HAL_UARTEx_SetTxFifoThreshold  stm32g0xx_hal_uart_ex.o
    0x080039e6   0x080039e6   0x00000002   Code   RO         3938    i.HAL_UARTEx_TxFifoEmptyCallback  stm32g0xx_hal_uart_ex.o
    0x080039e8   0x080039e8   0x00000002   Code   RO         3939    i.HAL_UARTEx_WakeupCallback  stm32g0xx_hal_uart_ex.o
    0x080039ea   0x080039ea   0x00000002   Code   RO         3536    i.HAL_UART_ErrorCallback  stm32g0xx_hal_uart.o
    0x080039ec   0x080039ec   0x000002e8   Code   RO         3539    i.HAL_UART_IRQHandler  stm32g0xx_hal_uart.o
    0x08003cd4   0x08003cd4   0x0000006c   Code   RO         3540    i.HAL_UART_Init     stm32g0xx_hal_uart.o
    0x08003d40   0x08003d40   0x00000144   Code   RO          328    i.HAL_UART_MspInit  usart.o
    0x08003e84   0x08003e84   0x00000002   Code   RO         3552    i.HAL_UART_TxCpltCallback  stm32g0xx_hal_uart.o
    0x08003e86   0x08003e86   0x00000002   Code   RO          374    i.HardFault_Handler  stm32g0xx_it.o
    0x08003e88   0x08003e88   0x00000022   Code   RO         2050    i.I2C_Flush_TXDR    stm32g0xx_hal_i2c.o
    0x08003eaa   0x08003eaa   0x00000002   PAD
    0x08003eac   0x08003eac   0x00000088   Code   RO         2058    i.I2C_IsAcknowledgeFailed  stm32g0xx_hal_i2c.o
    0x08003f34   0x08003f34   0x00000060   Code   RO         2061    i.I2C_RequestMemoryRead  stm32g0xx_hal_i2c.o
    0x08003f94   0x08003f94   0x00000028   Code   RO         2065    i.I2C_TransferConfig  stm32g0xx_hal_i2c.o
    0x08003fbc   0x08003fbc   0x0000004e   Code   RO         2067    i.I2C_WaitOnFlagUntilTimeout  stm32g0xx_hal_i2c.o
    0x0800400a   0x0800400a   0x0000004c   Code   RO         2069    i.I2C_WaitOnSTOPFlagUntilTimeout  stm32g0xx_hal_i2c.o
    0x08004056   0x08004056   0x00000050   Code   RO         2070    i.I2C_WaitOnTXISFlagUntilTimeout  stm32g0xx_hal_i2c.o
    0x080040a6   0x080040a6   0x00000002   PAD
    0x080040a8   0x080040a8   0x00000018   Code   RO         5159    i.IMU_Reset         imu.o
    0x080040c0   0x080040c0   0x000000a8   Code   RO         4632    i.KernelPolling     kernel.o
    0x08004168   0x08004168   0x00000008   Code   RO          491    i.LL_ADC_IsEnabled  stm32g0xx_hal_adc.o
    0x08004170   0x08004170   0x00000008   Code   RO          492    i.LL_ADC_REG_IsConversionOngoing  stm32g0xx_hal_adc.o
    0x08004178   0x08004178   0x0000000e   Code   RO          495    i.LL_ADC_SetCommonPathInternalCh  stm32g0xx_hal_adc.o
    0x08004186   0x08004186   0x00000016   Code   RO          496    i.LL_ADC_SetSamplingTimeCommonChannels  stm32g0xx_hal_adc.o
    0x0800419c   0x0800419c   0x0000001c   Code   RO         5335    i.MPU6050_IIC_Read_Bytes  bsp_stm32g031f8px.o
    0x080041b8   0x080041b8   0x00000070   Code   RO          168    i.MX_ADC1_Init      adc.o
    0x08004228   0x08004228   0x00000048   Code   RO          204    i.MX_DMA_Init       dma.o
    0x08004270   0x08004270   0x00000078   Code   RO           22    i.MX_GPIO_Init      gpio.o
    0x080042e8   0x080042e8   0x00000058   Code   RO          229    i.MX_I2C1_Init      i2c.o
    0x08004340   0x08004340   0x00000058   Code   RO          230    i.MX_I2C2_Init      i2c.o
    0x08004398   0x08004398   0x00000074   Code   RO          274    i.MX_TIM1_Init      tim.o
    0x0800440c   0x0800440c   0x000000b8   Code   RO          275    i.MX_TIM2_Init      tim.o
    0x080044c4   0x080044c4   0x000000b8   Code   RO          276    i.MX_TIM3_Init      tim.o
    0x0800457c   0x0800457c   0x00000068   Code   RO          329    i.MX_USART1_UART_Init  usart.o
    0x080045e4   0x080045e4   0x0000003c   Code   RO          330    i.MX_USART2_UART_Init  usart.o
    0x08004620   0x08004620   0x00000188   Code   RO         4455    i.MotorControl      control.o
    0x080047a8   0x080047a8   0x00000002   Code   RO          375    i.NMI_Handler       stm32g0xx_it.o
    0x080047aa   0x080047aa   0x00000002   PAD
    0x080047ac   0x080047ac   0x0000020c   Code   RO         4672    i.POS_Ctrl          pos_ctrl.o
    0x080049b8   0x080049b8   0x00000002   Code   RO          376    i.PendSV_Handler    stm32g0xx_it.o
    0x080049ba   0x080049ba   0x00000002   PAD
    0x080049bc   0x080049bc   0x00000034   Code   RO         5210    i.Q_rsqrt           mymath.o
    0x080049f0   0x080049f0   0x0000000c   Code   RO         4311    i.ResetAlt          spl06.o
    0x080049fc   0x080049fc   0x00000030   Code   RO         5261    i.ResetPID          pid.o
    0x08004a2c   0x08004a2c   0x00000002   Code   RO          377    i.SVC_Handler       stm32g0xx_it.o
    0x08004a2e   0x08004a2e   0x00000008   Code   RO          378    i.SysTick_Handler   stm32g0xx_it.o
    0x08004a36   0x08004a36   0x00000002   PAD
    0x08004a38   0x08004a38   0x00000094   Code   RO         5343    i.SystemClock_Config  bsp_stm32g031f8px.o
    0x08004acc   0x08004acc   0x00000002   Code   RO         4036    i.SystemInit        system_stm32g0xx.o
    0x08004ace   0x08004ace   0x00000002   PAD
    0x08004ad0   0x08004ad0   0x00000084   Code   RO         2595    i.TIM_Base_SetConfig  stm32g0xx_hal_tim.o
    0x08004b54   0x08004b54   0x0000001a   Code   RO         2596    i.TIM_CCxChannelCmd  stm32g0xx_hal_tim.o
    0x08004b6e   0x08004b6e   0x00000016   Code   RO         2606    i.TIM_ETR_SetConfig  stm32g0xx_hal_tim.o
    0x08004b84   0x08004b84   0x00000014   Code   RO         2607    i.TIM_ITRx_SetConfig  stm32g0xx_hal_tim.o
    0x08004b98   0x08004b98   0x0000007c   Code   RO         2608    i.TIM_OC1_SetConfig  stm32g0xx_hal_tim.o
    0x08004c14   0x08004c14   0x0000007c   Code   RO         2609    i.TIM_OC2_SetConfig  stm32g0xx_hal_tim.o
    0x08004c90   0x08004c90   0x0000007c   Code   RO         2610    i.TIM_OC3_SetConfig  stm32g0xx_hal_tim.o
    0x08004d0c   0x08004d0c   0x0000006c   Code   RO         2611    i.TIM_OC4_SetConfig  stm32g0xx_hal_tim.o
    0x08004d78   0x08004d78   0x0000005c   Code   RO         2612    i.TIM_OC5_SetConfig  stm32g0xx_hal_tim.o
    0x08004dd4   0x08004dd4   0x00000064   Code   RO         2613    i.TIM_OC6_SetConfig  stm32g0xx_hal_tim.o
    0x08004e38   0x08004e38   0x00000022   Code   RO         2615    i.TIM_TI1_ConfigInputStage  stm32g0xx_hal_tim.o
    0x08004e5a   0x08004e5a   0x00000026   Code   RO         2617    i.TIM_TI2_ConfigInputStage  stm32g0xx_hal_tim.o
    0x08004e80   0x08004e80   0x00000044   Code   RO         3940    i.UARTEx_SetNbDataToProcess  stm32g0xx_hal_uart_ex.o
    0x08004ec4   0x08004ec4   0x000000ca   Code   RO         3554    i.UART_AdvFeatureConfig  stm32g0xx_hal_uart.o
    0x08004f8e   0x08004f8e   0x00000002   PAD
    0x08004f90   0x08004f90   0x00000064   Code   RO         3555    i.UART_CheckIdleState  stm32g0xx_hal_uart.o
    0x08004ff4   0x08004ff4   0x00000014   Code   RO         3556    i.UART_DMAAbortOnError  stm32g0xx_hal_uart.o
    0x08005008   0x08005008   0x00000064   Code   RO         3566    i.UART_EndRxTransfer  stm32g0xx_hal_uart.o
    0x0800506c   0x0800506c   0x0000020c   Code   RO         3572    i.UART_SetConfig    stm32g0xx_hal_uart.o
    0x08005278   0x08005278   0x000000d2   Code   RO         3579    i.UART_WaitOnFlagUntilTimeout  stm32g0xx_hal_uart.o
    0x0800534a   0x0800534a   0x00000002   PAD
    0x0800534c   0x0800534c   0x00000010   Code   RO          379    i.USART2_IRQHandler  stm32g0xx_it.o
    0x0800535c   0x0800535c   0x00000044   Code   RO         4492    i.UpdateAction      followline.o
    0x080053a0   0x080053a0   0x00000024   Code   RO         4493    i.UpdateButton      followline.o
    0x080053c4   0x080053c4   0x00000014   Code   RO         4494    i.UpdateCentControl  followline.o
    0x080053d8   0x080053d8   0x00000106   Code   RO         5262    i.UpdatePID         pid.o
    0x080054de   0x080054de   0x00000002   PAD
    0x080054e0   0x080054e0   0x00000060   Code   RO         4495    i.UpdateStatus      followline.o
    0x08005540   0x08005540   0x00000020   Code   RO         5345    i.Update_Motor      bsp_stm32g031f8px.o
    0x08005560   0x08005560   0x00000034   Code   RO         5004    i.WZ_Est_Calcu      speed_estimator.o
    0x08005594   0x08005594   0x000000e4   Code   RO         5005    i.WZ_Fix_Calcu      speed_estimator.o
    0x08005678   0x08005678   0x00000014   Code   RO         5006    i.WZ_Fus_Reset      speed_estimator.o
    0x0800568c   0x0800568c   0x00000070   Code   RO         5007    i.WZ_Obs_Calcu      speed_estimator.o
    0x080056fc   0x080056fc   0x0000002c   Code   RO         5604    i.__ARM_fpclassify  m_ps.l(fpclassify.o)
    0x08005728   0x08005728   0x00000022   Code   RO         5606    i.__ARM_fpclassifyf  m_ps.l(fpclassifyf.o)
    0x0800574a   0x0800574a   0x00000002   PAD
    0x0800574c   0x0800574c   0x00000044   Code   RO         1603    i.__NVIC_SetPriority  stm32g0xx_hal_cortex.o
    0x08005790   0x08005790   0x000000ac   Code   RO         5622    i.__kernel_poly     m_ps.l(poly.o)
    0x0800583c   0x0800583c   0x0000000a   Code   RO         5591    i.__mathlib_dbl_infnan  m_ps.l(dunder.o)
    0x08005846   0x08005846   0x00000010   Code   RO         5593    i.__mathlib_dbl_invalid  m_ps.l(dunder.o)
    0x08005856   0x08005856   0x00000002   PAD
    0x08005858   0x08005858   0x00000014   Code   RO         5596    i.__mathlib_dbl_underflow  m_ps.l(dunder.o)
    0x0800586c   0x0800586c   0x00000008   Code   RO         5610    i.__mathlib_flt_infnan2  m_ps.l(funder.o)
    0x08005874   0x08005874   0x0000000e   Code   RO         5614    i.__mathlib_flt_underflow  m_ps.l(funder.o)
    0x08005882   0x08005882   0x00000002   PAD
    0x08005884   0x08005884   0x00000274   Code   RO         5525    i.asin              m_ps.l(asin.o)
    0x08005af8   0x08005af8   0x0000029c   Code   RO         5535    i.atan2f            m_ps.l(atan2f.o)
    0x08005d94   0x08005d94   0x0000000a   Code   RO         5055    i.main              mymain.o
    0x08005d9e   0x08005d9e   0x00000006   Code   RO         5263    i.reset_i           pid.o
    0x08005da4   0x08005da4   0x0000000c   Code   RO         4842    i.sdk_land          sdk.o
    0x08005db0   0x08005db0   0x00000014   Code   RO         4848    i.sdk_takeoff       sdk.o
    0x08005dc4   0x08005dc4   0x000000fc   Code   RO         4850    i.sdk_update        sdk.o
    0x08005ec0   0x08005ec0   0x00000010   Code   RO         4852    i.sdk_velocity_reset  sdk.o
    0x08005ed0   0x08005ed0   0x00000048   Code   RO         5631    i.sqrt              m_ps.l(sqrt.o)
    0x08005f18   0x08005f18   0x0000008c   Code   RO         5499    x$fpl$fadd          fz_ps.l(faddsub.o)
    0x08005fa4   0x08005fa4   0x00000054   Code   RO         5516    x$fpl$fleqf         fz_ps.l(flef.o)
    0x08005ff8   0x08005ff8   0x000000b0   Code   RO         5518    x$fpl$fmul          fz_ps.l(fmul.o)
    0x080060a8   0x080060a8   0x00000058   Code   RO         5520    x$fpl$frleqf        fz_ps.l(frlef.o)
    0x08006100   0x08006100   0x00000018   Code   RO         5500    x$fpl$frsb          fz_ps.l(faddsub.o)
    0x08006118   0x08006118   0x000000d0   Code   RO         5501    x$fpl$fsub          fz_ps.l(faddsub.o)
    0x080061e8   0x080061e8   0x00000000   Code   RO         5589    x$fpl$usenofp       fz_ps.l(usenofp.o)
    0x080061e8   0x080061e8   0x00000018   Data   RO         3580    .constdata          stm32g0xx_hal_uart.o
    0x08006200   0x08006200   0x00000010   Data   RO         3941    .constdata          stm32g0xx_hal_uart_ex.o
    0x08006210   0x08006210   0x00000040   Data   RO         4037    .constdata          system_stm32g0xx.o
    0x08006250   0x08006250   0x00000020   Data   RO         4038    .constdata          system_stm32g0xx.o
    0x08006270   0x08006270   0x00000080   Data   RO         5487    .constdata          fz_ps.l(ddiv.o)
    0x080062f0   0x080062f0   0x00000040   Data   RO         5506    .constdata          fz_ps.l(fdiv.o)
    0x08006330   0x08006330   0x00000050   Data   RO         5526    .constdata          m_ps.l(asin.o)
    0x08006380   0x08006380   0x00000020   Data   RO         5821    Region$$Table       anon$$obj.o


    Execution Region RW_IRAM1 (Exec base: 0x20000000, Load base: 0x080063a0, Size: 0x00001168, Max: 0x00002000, ABSOLUTE, COMPRESSED[0x00000024])

    Exec Addr    Load Addr    Size         Type   Attr      Idx    E Section Name        Object

    0x20000000   COMPRESSED   0x0000000c   Data   RW         1734    .data               stm32g0xx_hal.o
    0x2000000c   COMPRESSED   0x00000004   Data   RW         4039    .data               system_stm32g0xx.o
    0x20000010   COMPRESSED   0x00000008   Data   RW         4208    .data               mpu6050.o
    0x20000018   COMPRESSED   0x00000010   Data   RW         4457    .data               control.o
    0x20000028   COMPRESSED   0x0000000c   Data   RW         4498    .data               followline.o
    0x20000034   COMPRESSED   0x0000003c   Data   RW         4554    .data               height_control.o
    0x20000070   COMPRESSED   0x00000004   Data   RW         4633    .data               kernel.o
    0x20000074   COMPRESSED   0x00000048   Data   RW         4673    .data               pos_ctrl.o
    0x200000bc   COMPRESSED   0x0000000c   Data   RW         4861    .data               sdk.o
    0x200000c8   COMPRESSED   0x00000034   Data   RW         5009    .data               speed_estimator.o
    0x200000fc   COMPRESSED   0x00000005   Data   RW         5081    .data               config.o
    0x20000101   COMPRESSED   0x00000003   PAD
    0x20000104   COMPRESSED   0x0000002c   Data   RW         5161    .data               imu.o
    0x20000130        -       0x00000064   Zero   RW          169    .bss                adc.o
    0x20000194        -       0x00000150   Zero   RW          231    .bss                i2c.o
    0x200002e4        -       0x000000e4   Zero   RW          277    .bss                tim.o
    0x200003c8        -       0x00000234   Zero   RW          331    .bss                usart.o
    0x200005fc        -       0x00000030   Zero   RW         4207    .bss                mpu6050.o
    0x2000062c        -       0x0000000c   Zero   RW         4456    .bss                control.o
    0x20000638        -       0x0000002c   Zero   RW         4496    .bss                followline.o
    0x20000664        -       0x00000010   Zero   RW         4553    .bss                height_control.o
    0x20000674        -       0x0000008e   Zero   RW         4772    .bss                remote.o
    0x20000702   COMPRESSED   0x00000002   PAD
    0x20000704        -       0x00000150   Zero   RW         4860    .bss                sdk.o
    0x20000854        -       0x0000000c   Zero   RW         5008    .bss                speed_estimator.o
    0x20000860        -       0x0000000c   Zero   RW         5075    .bss                config.o
    0x2000086c        -       0x0000004c   Zero   RW         5076    .bss                config.o
    0x200008b8        -       0x0000001a   Zero   RW         5079    .bss                config.o
    0x200008d2   COMPRESSED   0x00000002   PAD
    0x200008d4        -       0x00000014   Zero   RW         5080    .bss                config.o
    0x200008e8        -       0x00000220   Zero   RW         5264    .bss                pid.o
    0x20000b08        -       0x00000060   Zero   RW         5673    .bss                c_p.l(libspace.o)
    0x20000b68        -       0x00000200   Zero   RW            2    HEAP                startup_stm32g031xx.o
    0x20000d68        -       0x00000400   Zero   RW            1    STACK               startup_stm32g031xx.o


==============================================================================

Image component sizes


      Code (inc. data)   RO Data    RW Data    ZI Data      Debug   Object Name

       208         26          0          0        100       1877   adc.o
       312         26          0          0          0       3268   bsp_stm32g031f8px.o
         0          0          0          5        134       3209   config.o
       768         72          0         16         12       2866   control.o
        72          4          0          0          0        854   dma.o
       268         40          0         12         44       8578   followline.o
       120         10          0          0          0     441124   gpio.o
         0          0          0          0          0       3189   hardware.o
       564         84          0         60         16       2560   height_control.o
       440         50          0          0        336       2700   i2c.o
      1268         46          0         44          0       3036   imu.o
       168         26          0          4          0        644   kernel.o
         0          0          0          0          0       1766   led.o
         4          0          0          0          0       1904   main.o
       148         16          0          8         48       4099   mpu6050.o
        10          0          0          0          0        499   mymain.o
        52          4          0          0          0        682   mymath.o
       346         14          0          0        544       3297   pid.o
       524         58          0         72          0       2256   pos_ctrl.o
         0          0          0          0        142       2333   remote.o
       300         64          0         12        336       5350   sdk.o
       412         72          0         52         12       4661   speed_estimator.o
        12          4          0          0          0        487   spl06.o
        56         26        192          0       1536        688   startup_stm32g031xx.o
       140         22          0         12          0      17493   stm32g0xx_hal.o
      1204         62          0          0          0      38167   stm32g0xx_hal_adc.o
       148         24          0          0          0      12341   stm32g0xx_hal_cortex.o
       676         32          0          0          0       4887   stm32g0xx_hal_dma.o
         0          0          0          0          0       2764   stm32g0xx_hal_flash.o
       356         18          0          0          0       2100   stm32g0xx_hal_gpio.o
      1060         28          0          0          0       9758   stm32g0xx_hal_i2c.o
       146          0          0          0          0       2051   stm32g0xx_hal_i2c_ex.o
        44          6          0          0          0        930   stm32g0xx_hal_msp.o
        76         14          0          0          0        790   stm32g0xx_hal_pwr_ex.o
      1532         88          0          0          0      22981   stm32g0xx_hal_rcc.o
       432         12          0          0          0       1796   stm32g0xx_hal_rcc_ex.o
      1800        152          0          0          0      14480   stm32g0xx_hal_tim.o
       108         10          0          0          0       1488   stm32g0xx_hal_tim_ex.o
      2132         68         24          0          0      32646   stm32g0xx_hal_uart.o
       276          6         16          0          0       5570   stm32g0xx_hal_uart_ex.o
        96         28          0          0          0       4483   stm32g0xx_it.o
         2          0         96          4          0       1267   system_stm32g0xx.o
       676         56          0          0        228       4182   tim.o
       488         42          0          0        564       2836   usart.o

    ----------------------------------------------------------------------
     17464       1310        360        304       4056     684937   Object Totals
         0          0         32          0          0          0   (incl. Generated)
        20          0          0          3          4          0   (incl. Padding)

    ----------------------------------------------------------------------

      Code (inc. data)   RO Data    RW Data    ZI Data      Debug   Library Member Name

        58          0          0          0          0          0   __dczerorl.o
         8          0          0          0          0         68   __main.o
         0          0          0          0          0          0   __rtentry.o
        12          0          0          0          0          0   __rtentry2.o
         6          0          0          0          0          0   __rtentry4.o
        60          8          0          0          0          0   __scatter.o
        28          0          0          0          0          0   __scatter_zi.o
        22          0          0          0          0         92   _rserrno.o
       346          0          0          0          0         92   aeabi_sdiv.o
        16          0          0          0          0         68   exit.o
         6          0          0          0          0        136   heapauxi.o
         0          0          0          0          0          0   indicate_semi.o
         2          0          0          0          0          0   libinit.o
         2          0          0          0          0          0   libinit2.o
         2          0          0          0          0          0   libshutdown.o
         2          0          0          0          0          0   libshutdown2.o
         8          4          0          0         96         68   libspace.o
       258          0          0          0          0         88   lludiv.o
         8          4          0          0          0         68   rt_errno_addr_intlibspace.o
        64          0          0          0          0        108   rt_memclr.o
         2          0          0          0          0          0   rtexit.o
        10          0          0          0          0          0   rtexit2.o
        12          4          0          0          0         60   sys_exit.o
        62          0          0          0          0         80   sys_stackheap_outer.o
         2          0          0          0          0         68   use_no_semi.o
        46          0          0          0          0         60   cmpret.o
       124          4          0          0          0         72   d2f.o
       856         20          0          0          0        208   daddsub.o
      1096         26        128          0          0        112   ddiv.o
       584         26          0          0          0         84   dmul.o
        96         12          0          0          0         72   dscalbn.o
       256          8          0          0          0         76   dsqrt.o
        84          4          0          0          0         60   f2d.o
       372          8          0          0          0        240   faddsub.o
       100          4          0          0          0         68   fcmpin.o
       352         10         64          0          0         92   fdiv.o
        76          0          0          0          0         68   ffixi.o
        48          0          0          0          0         60   ffixui.o
        94          0          0          0          0         92   fflti.o
        84          4          0          0          0         76   flef.o
       176          4          0          0          0         80   fmul.o
        16          6          0          0          0         68   fnan2.o
        88          4          0          0          0         76   frlef.o
        68          4          0          0          0         68   fscalbn.o
        94          0          0          0          0         68   retnan.o
         0          0          0          0          0          0   usenofp.o
       628         54         80          0          0        104   asin.o
       668         76          0          0          0        120   atan2f.o
        46          6          0          0          0        204   dunder.o
        44          4          0          0          0         60   fpclassify.o
        34          0          0          0          0         60   fpclassifyf.o
        22          0          0          0          0        136   funder.o
       172          0          0          0          0         76   poly.o
        72          6          0          0          0         76   sqrt.o

    ----------------------------------------------------------------------
      7408        310        272          0         96       3632   Library Totals
        16          0          0          0          0          0   (incl. Padding)

    ----------------------------------------------------------------------

      Code (inc. data)   RO Data    RW Data    ZI Data      Debug   Library Name

       996         20          0          0         96        996   c_p.l
      4710        144        192          0          0       1800   fz_ps.l
      1686        146         80          0          0        836   m_ps.l

    ----------------------------------------------------------------------
      7408        310        272          0         96       3632   Library Totals

    ----------------------------------------------------------------------

==============================================================================


      Code (inc. data)   RO Data    RW Data    ZI Data      Debug   

     24872       1620        632        304       4152     680849   Grand Totals
     24872       1620        632         36       4152     680849   ELF Image Totals (compressed)
     24872       1620        632         36          0          0   ROM Totals

==============================================================================

    Total RO  Size (Code + RO Data)                25504 (  24.91kB)
    Total RW  Size (RW Data + ZI Data)              4456 (   4.35kB)
    Total ROM Size (Code + RO Data + RW Data)      25540 (  24.94kB)

==============================================================================

